the record is the hyper-store branch of this repository — never checked out, and it travels with a clone

RUN             STARTED                   TRIGGER        OUTCOME    CONTESTED  PROCEDURE        TARGETS  HYPER
0199235c-8a71…  2026-08-07T06:15:00.000Z  igor@thinkpad  completed             publish-preview  local    1.4.0
0199235c-1b62…  2026-08-07T06:15:00.000Z  cron           completed             publish-preview  local    1.4.0
