  retire-preview-envs
  BASELINE  01991c3a-7d40…  cron           Tue 4 Aug 09:12  completed  1m48s  procedure rev a91f0c2
  SUBJECT   01991ea6-b118…  igor@thinkpad  Thu 6 Aug 11:03  completed  2m31s  procedure rev b0c94f1

  YOU DID THIS   0 assets

  THE WORLD MOVED   2 observations
  CHANGE   TARGET  DEFINITION  RECORD            ORDINAL  FIELDS
  changed  local   uptime      cert.hyper.dev    22 → 23  days_left: 41 → 34
  changed  local   uptime      status.hyper.dev  22 → 23  status: 200 → 503

  TOTALS  2 changes · 0 asset · 2 observation · 0 tombstone
