{
  "content": [
    {"type":"text","text":"2 Records, truncated\n\nthe record is the hyper-store branch of this repository — never checked out, and it travels with a clone"}
  ],
  "structuredContent": {
    "rows": [
      {"type":"record","key":{"target":"cloudflare-prod","definition":"legacy-dns","name":"preview-8.example.com"},"ordinal":2,"run_id":"01991b00-0000-7000-8000-00000000000b","step":1,"dry_run":false,"record_kind":"asset","tombstoned":true,"provenance":{"hyper_version":"1.3.2","procedure_revision":"b7f1c0a2d3e4f5061728394a5b6c7d8e9f001122","repo_revision":"3f2e1d0c9b8a77665544332211009988ffeeddcc","definition_revision":"1122334455667788990011223344556677889900","manifest_digest":"sha256:a118a517431e241eac83559919ae969346bf5a3bf6e06c6db3e636f378fcdf12"}},
      {"type":"record","key":{"target":"cloudflare-prod","definition":"legacy-dns","name":"preview-9.example.com"},"ordinal":2,"run_id":"01991c00-0000-7000-8000-00000000000c","step":1,"dry_run":false,"record_kind":"asset","orphaned":true,"provenance":{"hyper_version":"1.3.2","procedure_revision":"b7f1c0a2d3e4f5061728394a5b6c7d8e9f001122","repo_revision":"3f2e1d0c9b8a77665544332211009988ffeeddcc","definition_revision":"1122334455667788990011223344556677889900","manifest_digest":"sha256:a118a517431e241eac83559919ae969346bf5a3bf6e06c6db3e636f378fcdf12"}}
    ],
    "truncated": {"axis":"identity","returned":2,"dropped":3,"hint":"narrow with `target`, `definition` or `name`"}
  },
  "isError": false
}
