run 01991f50-b118-7c93-8d41-6b2f7ae06a06
step 1/1 purge-releases
hyper run: step purge-releases: ["rm","-rf","/srv/app/releases/r42"] exited 1, and a destroy Step completes on 0 alone — an exit code is the command's own vocabulary and means whatever that command decided, so hyper reads no other value as its effect having happened
