{"type":"probe_result","provider":"metrics","operation":"window","supplied":false,"projection":[{"identity":"metrics.hyper.dev","fields":{"host":"metrics.hyper.dev","status":200,"window":15}}],"unresolved":[],"response":{"host":"metrics.hyper.dev","status":200,"headers":{"content-length":"31","content-type":"application/json","date":"Thu, 02 Apr 2026 09:41:14 GMT"},"body":{"samples":[1,2,3],"window":15},"tls":{"not_after":"2026-05-06T21:41:14Z","days_left":34,"subject":"CN=metrics.hyper.dev,O=hyper golden fixture","issuer":"CN=metrics.hyper.dev,O=hyper golden fixture"}}}
{"type":"result","truncated":false}
