STEP  ID   KIND  DISPOSITION  RECORDS
1     one  read  refused      –

FILE                       LINE  FIELD     ERROR_CODE                 MESSAGE
procedures/watch-one.yaml  5     steps[0]  record-identity-collision  step one resolves to status.hyper.dev, and the Store already holds Status.hyper.dev under local/uptime-check — the two are one Record identity

refused · exit 77 · run 01991ea6-b118-7c93-8d41-6b2f7ae05c15
