STEP  ID   KIND  DISPOSITION  RECORDS
1     one  read  refused      –

refused: record-identity-collision

  procedures/watch-one.yaml:5
    4 │ steps:
    5 │   - id: one
      │         ^ step one resolves to status.hyper.dev, and the Store already holds Status.hyper.dev under local/uptime-check — the two are one Record identity
      │
      = checked at expansion, before the first call
      = no flag overrides this (ADR-0001) — the way past is an artefact edit

EDIT ONE OF
FILE                       LINE  FIELD
procedures/watch-one.yaml  5     steps[0]

step 1 wrote nothing.

refused · exit 77 · run 01991ea6-b118-7c93-8d41-6b2f7ae05c15
