{"type":"refusal","error_code":"secret-sink-unwritten","step":1,"step_id":"status","operation":"read_session","target":"local","file":"procedures/read-sessions.yaml","line":5,"field":"steps[0]","message":"session read_session declares secret: output and this hyper does not write a Secret sink — the value would be produced and discarded"}
{"type":"refusal","error_code":"secret-sink-unwritten","step":2,"step_id":"cert","operation":"read_session","target":"local","file":"procedures/read-sessions.yaml","line":11,"field":"steps[1]","message":"session read_session declares secret: output and this hyper does not write a Secret sink — the value would be produced and discarded"}
{"type":"provenance","hyper_version":"1.4.0","procedure_revision":"46ba56c83841c3a5088c20824bec9d8c6e79d2c1","repo_revision":"6862766265e2d2c50dbaeb28ee077b996c947d0e"}
{"type":"outcome","outcome":"refused","code":77,"error_code":"secret-sink-unwritten","dry_run":false,"run_id":"01991f69-93aa-75d9-8ab5-c3e40a5966ad"}
