{"type":"provider","name":"alpha","origin":"extension","summary":"class widgetco; requires http; 1 read","operation_count":1,"digest":"sha256:3f3044bc9a5c46239060ec6885aa01a72e39143698fce539a5802da534ae434b"}
{"type":"provider","name":"shell","origin":"built-in","summary":"class local; requires shell; 1 read, 3 mutate, 2 destroy","operation_count":6,"digest":"sha256:2c572c3551bc4a6d424c6c5f9738657326f74b675d48b2a79e92683b4cdaa1e4"}
{"type":"result","truncated":true}
