  MANIFEST                           │  no baseline — shell ships in the binary
  ───────────────────────────────────┼─────────────────────────────────────────
                                     │ kind: provider
                                     │ provider: shell
                                     │ schema-version: 1
                                     │ class: local
  shell                              │ capabilities: [shell]
                                     │ operations:
  read     repeatable        opaque  │   read:
                                     │     kind: read
                                     │     repeatability: repeatable
                                     │     deadline: 1h
                                     │     shell: {}
                                     │     input:
                                     │       type: object
                                     │       properties:
                                     │         command: {type: array, items: {type: string}}
                                     │     record:
                                     │       identity: $.command
                                     │       fields:
                                     │         exit_code: $.exit_code
                                     │         stdout: $.stdout
                                     │         stderr: $.stderr
  mutate   repeatable        opaque  │   mutate:
                                     │     kind: mutate
                                     │     repeatability: repeatable
                                     │     deadline: 1h
                                     │     shell: {}
                                     │     input:
                                     │       type: object
                                     │       properties:
                                     │         command: {type: array, items: {type: string}}
                                     │     record:
                                     │       identity: $.command
                                     │       fields:
                                     │         exit_code: $.exit_code
  mutate   run-once          opaque  │   mutate_once:
                                     │     kind: mutate
                                     │     deadline: 1h
                                     │     shell: {}
                                     │     input:
                                     │       type: object
                                     │       properties:
                                     │         command: {type: array, items: {type: string}}
                                     │     record:
                                     │       identity: $.command
                                     │       fields:
                                     │         exit_code: $.exit_code
  mutate   skip-if-recorded  opaque  │   mutate_skip_if_recorded:
                                     │     kind: mutate
                                     │     repeatability: skip-if-recorded
                                     │     deadline: 1h
                                     │     shell: {}
                                     │     input:
                                     │       type: object
                                     │       properties:
                                     │         command: {type: array, items: {type: string}}
                                     │     record:
                                     │       identity: $.command
                                     │       fields:
                                     │         exit_code: $.exit_code
  DESTROY  repeatable        opaque  │   destroy:
                                     │     kind: destroy
                                     │     repeatability: repeatable
                                     │     deadline: 1h
                                     │     shell: {}
                                     │     input:
                                     │       type: object
                                     │       properties:
                                     │         command: {type: array, items: {type: string}}
  DESTROY  run-once          opaque  │   destroy_once:
                                     │     kind: destroy
                                     │     deadline: 1h
                                     │     shell: {}
                                     │     input:
                                     │       type: object
                                     │       properties:
                                     │         command: {type: array, items: {type: string}}

  FLAGS   index into the gutter above — no flag states anything the gutter does not
  OPAQUE   line 7   read reaches an effect hyper cannot describe
  OPAQUE   line 22  mutate reaches an effect hyper cannot describe
  OPAQUE   line 35  mutate_once reaches an effect hyper cannot describe
  OPAQUE   line 47  mutate_skip_if_recorded reaches an effect hyper cannot describe
  DESTROY  line 60  destroy declares destroy
  OPAQUE   line 60  destroy reaches an effect hyper cannot describe
  DESTROY  line 69  destroy_once declares destroy
  OPAQUE   line 69  destroy_once reaches an effect hyper cannot describe
