=== STORE.md (442 bytes)
# The `hyper` Store

This branch is the record. Every other file on it is machine-written: `hyper`
put it there, no file here was authored by hand, and none is meant to be.

The branch is `hyper`'s account of the world, not part of it. Nothing on it is
configuration, nothing on it is reviewed, and nothing on it changes what a Run
does — it is what the Runs that have already happened left behind.

Editing it by hand is editing evidence.
=== journal/2026/04/02/01991ea6-b118-7c93-8d41-6b2f7ae05d06/outcome.json (94 bytes)
{
  "ended_at": "2026-04-02T09:41:14.221Z",
  "outcome": "completed",
  "schema_version": 1
}
=== journal/2026/04/02/01991ea6-b118-7c93-8d41-6b2f7ae05d06/run.json (473 bytes)
{
  "dry_run": false,
  "procedure": "two-spellings",
  "provenance": {
    "hyper_version": "1.4.0",
    "procedure_revision": "7315194cfa746077f7917ebb13c23ac8bc807eff",
    "repo_revision": "3005a28147f893951016fced7da6a5a0d787294c"
  },
  "run_id": "01991ea6-b118-7c93-8d41-6b2f7ae05d06",
  "schema_version": 1,
  "started_at": "2026-04-02T09:41:14.221Z",
  "trigger": {
    "actor": "igor",
    "cause": "manual",
    "executor": "local",
    "host": "thinkpad"
  }
}
=== journal/2026/04/02/01991ea6-b118-7c93-8d41-6b2f7ae05d06/steps/0001.json (637 bytes)
{
  "definition": "host-checks",
  "disposition": "ran",
  "ended_at": "2026-04-02T09:41:14.221Z",
  "id": "spaced",
  "identities": {
    "digest": "sha256:4c1e569f12f639e3d6dc4cfdb8b0d2d9bd115a24bcd088e56d8e677fb77795c3",
    "members": [
      "[\"words\",\"a b\"]"
    ]
  },
  "kind": "read",
  "operation": "read",
  "provenance": {
    "definition_revision": "95dbd9c10a4d8218b9f5f27c0b8ff36586b7ad6d",
    "manifest_digest": "sha256:e49e840cd47031a55883798ad436d8269b95a1f49f01165f91047fc456907222"
  },
  "provider": "shell",
  "schema_version": 1,
  "started_at": "2026-04-02T09:41:14.221Z",
  "step": 1,
  "target": "local"
}
=== journal/2026/04/02/01991ea6-b118-7c93-8d41-6b2f7ae05d06/steps/0002.json (640 bytes)
{
  "definition": "host-checks",
  "disposition": "ran",
  "ended_at": "2026-04-02T09:41:14.221Z",
  "id": "split",
  "identities": {
    "digest": "sha256:60833c022ff5e525c2489df56783b84f336724fd470abbe29091ec42e48710ed",
    "members": [
      "[\"words\",\"a\",\"b\"]"
    ]
  },
  "kind": "read",
  "operation": "read",
  "provenance": {
    "definition_revision": "95dbd9c10a4d8218b9f5f27c0b8ff36586b7ad6d",
    "manifest_digest": "sha256:e49e840cd47031a55883798ad436d8269b95a1f49f01165f91047fc456907222"
  },
  "provider": "shell",
  "schema_version": 1,
  "started_at": "2026-04-02T09:41:14.221Z",
  "step": 2,
  "target": "local"
}
=== records/local/host-checks/%5B%22words%22%2C%22a%20b%22%5D/01991ea6-b118-7c93-8d41-6b2f7ae05d06-0001.json (710 bytes)
{
  "definition": "host-checks",
  "fields": {
    "exit_code": 0,
    "stderr": "",
    "stdout": "a b\n"
  },
  "name": "[\"words\",\"a b\"]",
  "operation": "read",
  "provenance": {
    "definition_revision": "95dbd9c10a4d8218b9f5f27c0b8ff36586b7ad6d",
    "hyper_version": "1.4.0",
    "manifest_digest": "sha256:e49e840cd47031a55883798ad436d8269b95a1f49f01165f91047fc456907222",
    "procedure_revision": "7315194cfa746077f7917ebb13c23ac8bc807eff",
    "repo_revision": "3005a28147f893951016fced7da6a5a0d787294c"
  },
  "record_type": "observation",
  "run_id": "01991ea6-b118-7c93-8d41-6b2f7ae05d06",
  "schema_version": 1,
  "step": 1,
  "target": "local",
  "written_at": "2026-04-02T09:41:14.221Z"
}
=== records/local/host-checks/%5B%22words%22%2C%22a%22%2C%22b%22%5D/01991ea6-b118-7c93-8d41-6b2f7ae05d06-0002.json (715 bytes)
{
  "definition": "host-checks",
  "fields": {
    "exit_code": 0,
    "stderr": "",
    "stdout": "a\nb\n"
  },
  "name": "[\"words\",\"a\",\"b\"]",
  "operation": "read",
  "provenance": {
    "definition_revision": "95dbd9c10a4d8218b9f5f27c0b8ff36586b7ad6d",
    "hyper_version": "1.4.0",
    "manifest_digest": "sha256:e49e840cd47031a55883798ad436d8269b95a1f49f01165f91047fc456907222",
    "procedure_revision": "7315194cfa746077f7917ebb13c23ac8bc807eff",
    "repo_revision": "3005a28147f893951016fced7da6a5a0d787294c"
  },
  "record_type": "observation",
  "run_id": "01991ea6-b118-7c93-8d41-6b2f7ae05d06",
  "schema_version": 1,
  "step": 2,
  "target": "local",
  "written_at": "2026-04-02T09:41:14.221Z"
}
