STEP  ID     KIND     DISPOSITION  RECORDS
1     purge  destroy  refused      –

refused: record-identity-collision

  procedures/purge-the-other-spelling.yaml:11
   10 │     over:
   11 │       values: [Preview-42.example.com]
      │               ^ Preview-42.example.com resolves to Preview-42.example.com, and the Store already holds preview-42.example.com under cloudflare-prod/preview-dns — the two are one Record identity
      │
      = checked at expansion, before the first call
      = no flag overrides this (ADR-0001) — the way past is an artefact edit

EDIT ONE OF
FILE                                      LINE  FIELD
procedures/purge-the-other-spelling.yaml  11    steps[0].over

step 1 wrote nothing.

refused · exit 77 · run 01991f10-b118-7c93-8d41-6b2f7ae05e05
