=== STORE.md (442 bytes)
# The `hyper` Store

This branch is the record. Every other file on it is machine-written: `hyper`
put it there, no file here was authored by hand, and none is meant to be.

The branch is `hyper`'s account of the world, not part of it. Nothing on it is
configuration, nothing on it is reviewed, and nothing on it changes what a Run
does — it is what the Runs that have already happened left behind.

Editing it by hand is editing evidence.
=== journal/2026/04/02/01991f80-1a2b-7c3d-8e4f-5a6b7c8d9e21/outcome.json (91 bytes)
{
  "ended_at": "2026-04-02T09:41:14.221Z",
  "outcome": "failed",
  "schema_version": 1
}
=== journal/2026/04/02/01991f80-1a2b-7c3d-8e4f-5a6b7c8d9e21/run.json (475 bytes)
{
  "dry_run": true,
  "procedure": "publish-required",
  "provenance": {
    "hyper_version": "1.4.0",
    "procedure_revision": "ac44a3c7747d7667044909cc65a8c258a8ccec8a",
    "repo_revision": "4f6c34bfaeb8da0d0fb9f86a7d8a5cce0c445b3d"
  },
  "run_id": "01991f80-1a2b-7c3d-8e4f-5a6b7c8d9e21",
  "schema_version": 1,
  "started_at": "2026-04-02T09:41:14.221Z",
  "trigger": {
    "actor": "igor",
    "cause": "manual",
    "executor": "local",
    "host": "thinkpad"
  }
}
=== journal/2026/04/02/01991f80-1a2b-7c3d-8e4f-5a6b7c8d9e21/steps/0001.json (642 bytes)
{
  "definition": "uptime-check",
  "disposition": "ran",
  "ended_at": "2026-04-02T09:41:14.221Z",
  "id": "status",
  "identities": {
    "digest": "sha256:71b6b20b46299db0f8ce502940468780b5795732c59cbf3d62f410d1117137e3",
    "members": [
      "status.hyper.dev"
    ]
  },
  "kind": "read",
  "operation": "check_http",
  "provenance": {
    "definition_revision": "077c633cf1996368e8d16880b0bf2d37b6ffe360",
    "manifest_digest": "sha256:14430d0615ccff83ca5062c11134192621a89380e92ce554177727f54ad092b7"
  },
  "provider": "uptime",
  "schema_version": 1,
  "started_at": "2026-04-02T09:41:14.221Z",
  "step": 1,
  "target": "local"
}
=== records/local/uptime-check/status.hyper.dev/01991f80-1a2b-7c3d-8e4f-5a6b7c8d9e21-0001.json (725 bytes)
{
  "definition": "uptime-check",
  "fields": {
    "days_left": 34,
    "host": "status.hyper.dev",
    "status": 503
  },
  "name": "status.hyper.dev",
  "operation": "check_http",
  "provenance": {
    "definition_revision": "077c633cf1996368e8d16880b0bf2d37b6ffe360",
    "hyper_version": "1.4.0",
    "manifest_digest": "sha256:14430d0615ccff83ca5062c11134192621a89380e92ce554177727f54ad092b7",
    "procedure_revision": "ac44a3c7747d7667044909cc65a8c258a8ccec8a",
    "repo_revision": "4f6c34bfaeb8da0d0fb9f86a7d8a5cce0c445b3d"
  },
  "record_type": "observation",
  "run_id": "01991f80-1a2b-7c3d-8e4f-5a6b7c8d9e21",
  "schema_version": 1,
  "step": 1,
  "target": "local",
  "written_at": "2026-04-02T09:41:14.221Z"
}
