no .github/workflows/ directory
=== hyper.yaml (124 bytes)
kind: repository-declaration
version: 1.4.0
digest: sha256:0000000000000000000000000000000000000000000000000000000000000000
=== providers/dns.yaml (660 bytes)
kind: provider
provider: dns
schema-version: 1
class: cloudflare
capabilities: [http]
auth:
  header: {name: Authorization, prefix: "Bearer "}
operations:
  list_records:
    kind: read
    repeatability: repeatable
    deadline: 30s
    http:
      method: GET
      host: "{from-target}"
      path: /client/v4/zones/{zone_id}/dns_records
    input:
      type: object
      properties:
        zone_id: {type: string}
    record:
      over: $.body.result
      identity: $.id
      fields: {id: $.id, name: $.name}
origin:
  ref: https://providers.example.com/acme/dns.yaml
  digest: sha256:9b0df992b15ecfdbd1d7e3c78fd8e9dd654b3dad562f12a6c48d5e3de6fde9f1
