nothing ran. no step was reached.

FILE                           LINE  FIELD     ERROR_CODE          MESSAGE
procedures/read-sessions.yaml  5     steps[0]  secret-sink-absent  session read_session declares secret: output and this invocation supplied no sink — run it again with --secret-out <path>
procedures/read-sessions.yaml  11    steps[1]  secret-sink-absent  session read_session declares secret: output and this invocation supplied no sink — run it again with --secret-out <path>

refused · dry-run · exit 77 · run 01991f70-1a2b-7c3d-8e4f-5a6b7c8d9e03
