=== STORE.md (442 bytes)
# The `hyper` Store

This branch is the record. Every other file on it is machine-written: `hyper`
put it there, no file here was authored by hand, and none is meant to be.

The branch is `hyper`'s account of the world, not part of it. Nothing on it is
configuration, nothing on it is reviewed, and nothing on it changes what a Run
does — it is what the Runs that have already happened left behind.

Editing it by hand is editing evidence.
=== journal/2026/04/02/01991f68-8299-74c8-9fa4-b2d3f948559c/outcome.json (776 bytes)
{
  "ended_at": "2026-04-02T09:41:14.221Z",
  "outcome": "refused",
  "refusal": [
    {
      "error_code": "secret-sink-absent",
      "field": "steps[0]",
      "file": "procedures/read-sessions.yaml",
      "line": 5,
      "message": "session read_session declares secret: output and this invocation supplied no sink — run it again with --secret-out <path>",
      "step": 1,
      "step_id": "status"
    },
    {
      "error_code": "secret-sink-absent",
      "field": "steps[1]",
      "file": "procedures/read-sessions.yaml",
      "line": 11,
      "message": "session read_session declares secret: output and this invocation supplied no sink — run it again with --secret-out <path>",
      "step": 2,
      "step_id": "cert"
    }
  ],
  "schema_version": 1
}
=== journal/2026/04/02/01991f68-8299-74c8-9fa4-b2d3f948559c/run.json (473 bytes)
{
  "dry_run": false,
  "procedure": "read-sessions",
  "provenance": {
    "hyper_version": "1.4.0",
    "procedure_revision": "46ba56c83841c3a5088c20824bec9d8c6e79d2c1",
    "repo_revision": "6862766265e2d2c50dbaeb28ee077b996c947d0e"
  },
  "run_id": "01991f68-8299-74c8-9fa4-b2d3f948559c",
  "schema_version": 1,
  "started_at": "2026-04-02T09:41:14.221Z",
  "trigger": {
    "actor": "igor",
    "cause": "manual",
    "executor": "local",
    "host": "thinkpad"
  }
}
