{"type":"problem","file":"definitions/bad-destroy-ref.yaml","line":5,"column":11,"field":"destroy[0]","error_code":"reference-unresolvable","message":"destroy: no_such_operation names no Operation the bound Provider declares"}
{"type":"problem","file":"definitions/mismatched-class.yaml","line":5,"column":11,"field":"targets[0]","error_code":"manifest-inconsistent","message":"cloudflare-local's credential slots do not cover the bound Provider's Auth scheme — missing token"}
{"type":"problem","file":"definitions/mismatched-class.yaml","line":5,"column":11,"field":"targets[0]","error_code":"target-class-mismatch","message":"cloudflare-local is class local, and the bound Provider's declared class is cloudflare"}
{"type":"problem","file":"definitions/uptime-mutate.yaml","line":6,"column":11,"field":"targets[0]","error_code":"opaque-destroy-not-granted","message":"shell-host has not opted into opaque-destroy:, and this Definition claims an opaque destroy Operation"}
{"type":"problem","file":"procedures/bound-exceeded.yaml","line":11,"column":9,"field":"steps[0].over.values","error_code":"bound-exceeded","message":"over: values: carries 3 members, which exceeds bound: 2 — the authored length is an upper bound the Expansion can only shrink"}
{"type":"problem","file":"procedures/bound-illegal.yaml","line":11,"column":12,"field":"steps[0].bound","error_code":"bound-illegal","message":"bound: is declared on an opaque destroy Step — a count of the commands it ran says nothing about what any of them did"}
{"type":"problem","file":"procedures/destroy-unscoped.yaml","line":5,"column":5,"field":"steps[0]","error_code":"destroy-unscoped","message":"a destroy Step carries no over: selector — it would reach the world once and leave nothing in the record"}
{"type":"problem","file":"procedures/host-not-granted.yaml","line":5,"column":5,"field":"steps[0]","error_code":"host-not-granted","message":"\"s3.eu-central-1.amazonaws.com\" is a member of the candidate set the bound Operation's host: expands to, and is absent from hostco's hosts: grant"}
{"type":"problem","file":"procedures/operation-not-claimed.yaml","line":7,"column":16,"field":"steps[0].operation","error_code":"operation-not-claimed","message":"operation: destroy_once is not named among the bound Definition's destroy: claims"}
{"type":"problem","file":"procedures/predicate-type-mismatch.yaml","line":11,"column":19,"field":"steps[0].over.assets[0].field","error_code":"predicate-type-mismatch","message":"field: token is declared secret: — it reaches the Store as a constant no comparison can read"}
{"type":"problem","file":"procedures/record-identity-collision.yaml","line":10,"column":24,"field":"steps[0].over.values","error_code":"record-identity-collision","message":"\"Web-01\" is one identity with \"web-01\", already a member of this values: list"}
{"type":"problem","file":"procedures/series-reference.yaml","line":17,"column":13,"field":"steps[1].args.name","error_code":"series-reference","message":"step: list is series cardinality — a reference names one Record and cannot join against a stored series"}
{"type":"problem","file":"procedures/skip-if-recorded-unreachable.yaml","line":5,"column":5,"field":"steps[0]","error_code":"skip-if-recorded-unreachable","message":"a skip-if-recorded Step expands over assets: — every member skips on every Run and no call can ever go out"}
{"type":"problem","file":"procedures/target-not-claimed.yaml","line":8,"column":13,"field":"steps[0].target","error_code":"target-not-claimed","message":"target: shell-host is not a member of the bound Definition's targets:"}
{"type":"problem","file":"providers/header-reserved-demo.yaml","line":7,"column":18,"field":"auth.header.name","error_code":"header-reserved","message":"Content-Type: is one of the five headers hyper computes for itself"}
{"type":"problem","file":"providers/hole-illegal-demo.yaml","line":7,"column":18,"field":"auth.header.name","error_code":"hole-illegal","message":"an Auth scheme's parameters admit no hole of any kind"}
{"type":"problem","file":"providers/hole-illegal-demo.yaml","line":10,"column":11,"field":"operations.noop","error_code":"manifest-inconsistent","message":"kind: read carries no record: — record: is mandatory on a read and a mutate"}
{"type":"problem","file":"providers/hole-illegal-demo.yaml","line":19,"column":9,"field":"operations.noop.input.properties.header_name","error_code":"manifest-inconsistent","message":"input \"header_name\" is declared and no position of this Operation's request reaches it"}
{"type":"problem","file":"providers/schema-unsupported-demo.yaml","line":8,"column":11,"field":"operations.run","error_code":"manifest-inconsistent","message":"kind: read carries no record: — record: is mandatory on a read and a mutate"}
{"type":"problem","file":"providers/schema-unsupported-demo.yaml","line":11,"column":13,"field":"operations.run.input.$ref","error_code":"schema-unsupported","message":"\"$ref\" reaches outside the input-schema subset — type, enum, properties and items are the whole of it"}
{"type":"result","truncated":false}
