  DEFINITION                                │  definitions/things.yaml                 no baseline — no Store
  ──────────────────────────────────────────┼────────────────────────────────────────────────────────────────
                                            │ kind: definition
                                            │ definition: things
                                            │ provider: things
  mutate                                    │ kinds: [mutate]
  DESTROY end_thing                         │ destroy: [end_thing]
  staging observed-only wont-parse nowhere  │ targets: [staging, observed-only, wont-parse, nowhere]

  AUTHORITY   assembled from definitions/ and targets/
  DEFINITION  TARGET         DEFINITION KINDS  TARGET KINDS         EFFECTIVE   DESTROY OPS
  things      nowhere        mutate destroy    unresolved           unresolved  end_thing
  things      observed-only  mutate destroy    read                 —           end_thing
  things      staging        mutate destroy    read mutate destroy  m d         end_thing
  things      wont-parse     mutate destroy    unresolved           unresolved  end_thing

  FLAGS   index into the gutter above — no flag states anything the gutter does not
  DESTROY  line 5  destroy claimed for end_thing
