=== STORE.md (442 bytes)
# The `hyper` Store

This branch is the record. Every other file on it is machine-written: `hyper`
put it there, no file here was authored by hand, and none is meant to be.

The branch is `hyper`'s account of the world, not part of it. Nothing on it is
configuration, nothing on it is reviewed, and nothing on it changes what a Run
does — it is what the Runs that have already happened left behind.

Editing it by hand is editing evidence.
=== journal/2026/04/02/01991f30-b118-7c93-8d41-6b2f7ae05a22/outcome.json (94 bytes)
{
  "ended_at": "2026-04-02T09:41:14.221Z",
  "outcome": "completed",
  "schema_version": 1
}
=== journal/2026/04/02/01991f30-b118-7c93-8d41-6b2f7ae05a22/run.json (474 bytes)
{
  "dry_run": true,
  "procedure": "publish-preview",
  "provenance": {
    "hyper_version": "1.4.0",
    "procedure_revision": "99b77379e5aba6621a3d6c50505b1dc8e1d5b88a",
    "repo_revision": "0c0cb4a5246f4eef0647f238a925287bbf82ae6f"
  },
  "run_id": "01991f30-b118-7c93-8d41-6b2f7ae05a22",
  "schema_version": 1,
  "started_at": "2026-04-02T09:41:14.221Z",
  "trigger": {
    "actor": "igor",
    "cause": "manual",
    "executor": "local",
    "host": "thinkpad"
  }
}
