nothing ran. no step was reached.

refused: procedure-cycle

  procedures/watch-status.yaml:12
   11 │   - id: again
   12 │     procedure: watch-status
      │                ^ procedure: watch-status already reaches watch-status, so this invocation closes a cycle — the invocation graph is static and no Run performs one
      │
      = checked at run start, before the first step
      = no flag overrides this (ADR-0001) — the way past is an artefact edit

EDIT ONE OF
FILE                          LINE  FIELD
procedures/watch-status.yaml  12    steps[1].procedure

refused · exit 77 · run 01991f65-5f66-7195-8c71-8fa0c6152e6a
