STEP  ID       KIND  DISPOSITION    RECORDS
1     probe    read  ran            1
2     guarded  read  refused        –
3     after    read  never-reached  –

FILE                                  LINE  FIELD          ERROR_CODE                 MESSAGE
procedures/watch-when-expansion.yaml  21    steps[1].over  record-identity-collision  alpha resolves to status.hyper.dev and beta resolves to Status.hyper.dev, which are one Record identity — every member of an Expansion is one identity

refused · exit 77 · run 01991f11-b118-7c93-8d41-6b2f7ae05c47
