TARGET  DEFINITION  RECORD            WRITTEN                   RUN
local   uptime      status.hyper.dev  2025-06-06T09:41:14.221Z  01984f2b-4da0-7c15-8d41-6b2f7ae05c19
local   uptime      status.hyper.dev  2025-09-14T09:41:14.221Z  01984f3c-5eb1-7d26-9e52-7c3f8bf16d2a
removed 2 interior observation versions · retention 90d · 2 series untouched
