=== STORE.md (442 bytes)
# The `hyper` Store

This branch is the record. Every other file on it is machine-written: `hyper`
put it there, no file here was authored by hand, and none is meant to be.

The branch is `hyper`'s account of the world, not part of it. Nothing on it is
configuration, nothing on it is reviewed, and nothing on it changes what a Run
does — it is what the Runs that have already happened left behind.

Editing it by hand is editing evidence.
=== journal/2026/04/02/01991ea6-b118-7c93-8d41-6b2f7ae05c09/outcome.json (426 bytes)
{
  "ended_at": "2026-04-02T09:41:14.221Z",
  "outcome": "refused",
  "refusal": [
    {
      "error_code": "schema-mismatch",
      "field": "steps[0].args.ttl",
      "file": "procedures/watch-ttl.yaml",
      "line": 15,
      "message": "{item: $.ttl} resolves to \"thirty\" on site-a, which does not read as the integer check_ttl declares ttl",
      "step": 1,
      "step_id": "ttl"
    }
  ],
  "schema_version": 1
}
=== journal/2026/04/02/01991ea6-b118-7c93-8d41-6b2f7ae05c09/run.json (469 bytes)
{
  "dry_run": false,
  "procedure": "watch-ttl",
  "provenance": {
    "hyper_version": "1.4.0",
    "procedure_revision": "a61bed0dfc7ec1fc4db74878aaeb9264079ec323",
    "repo_revision": "5981c76b7fcbecbaea2d2d454171b87a9a2e8cae"
  },
  "run_id": "01991ea6-b118-7c93-8d41-6b2f7ae05c09",
  "schema_version": 1,
  "started_at": "2026-04-02T09:41:14.221Z",
  "trigger": {
    "actor": "igor",
    "cause": "manual",
    "executor": "local",
    "host": "thinkpad"
  }
}
=== journal/2026/04/02/01991ea6-b118-7c93-8d41-6b2f7ae05c09/steps/0001.json (674 bytes)
{
  "definition": "uptime-check",
  "disposition": "refused",
  "ended_at": "2026-04-02T09:41:14.221Z",
  "id": "ttl",
  "kind": "read",
  "operation": "check_ttl",
  "provenance": {
    "definition_revision": "0b07152f4cc4f28c380bf53e252373dc3a4d0019",
    "manifest_digest": "sha256:b3480ee4ace0eb9ce88f25294ca7fdb7a1392b90c38f196b2ae414575040881d"
  },
  "provider": "uptime",
  "schema_version": 1,
  "selector": {
    "declared": {
      "observations": [
        {
          "exists": true,
          "field": "host"
        }
      ]
    },
    "expanded_to": [
      "site-a"
    ]
  },
  "started_at": "2026-04-02T09:41:14.221Z",
  "step": 1,
  "target": "local"
}
=== records/local/uptime-check/site-a/01991ea6-b118-7c93-8d41-6b2f7ae05c19-0001.json (696 bytes)
{
  "definition": "uptime-check",
  "fields": {
    "host": "status.hyper.dev",
    "ttl": "thirty"
  },
  "name": "site-a",
  "operation": "check_http",
  "provenance": {
    "definition_revision": "077c633cf1996368e8d16880b0bf2d37b6ffe360",
    "hyper_version": "1.4.0",
    "manifest_digest": "sha256:14430d0615ccff83ca5062c11134192621a89380e92ce554177727f54ad092b7",
    "procedure_revision": "54ff1a903180ac1a4e7fe5039cc0ab87ad8aa329",
    "repo_revision": "bcce2c10592d43450874312bb51af5ee2188ccc3"
  },
  "record_type": "observation",
  "run_id": "01991ea6-b118-7c93-8d41-6b2f7ae05c19",
  "schema_version": 1,
  "step": 1,
  "target": "local",
  "written_at": "2026-04-02T09:41:14.221Z"
}
