=== STORE.md (442 bytes)
# The `hyper` Store

This branch is the record. Every other file on it is machine-written: `hyper`
put it there, no file here was authored by hand, and none is meant to be.

The branch is `hyper`'s account of the world, not part of it. Nothing on it is
configuration, nothing on it is reviewed, and nothing on it changes what a Run
does — it is what the Runs that have already happened left behind.

Editing it by hand is editing evidence.
=== journal/2026/04/02/01991f10-b118-7c93-8d41-6b2f7ae05e06/outcome.json (94 bytes)
{
  "ended_at": "2026-04-02T09:41:14.221Z",
  "outcome": "completed",
  "schema_version": 1
}
=== journal/2026/04/02/01991f10-b118-7c93-8d41-6b2f7ae05e06/run.json (474 bytes)
{
  "dry_run": false,
  "procedure": "purge-releases",
  "provenance": {
    "hyper_version": "1.4.0",
    "procedure_revision": "22039deb600286eb7d1746d6f7354a4c46b36f50",
    "repo_revision": "90adf6b6623abf078bd891b58d4ab7d15c1530b7"
  },
  "run_id": "01991f10-b118-7c93-8d41-6b2f7ae05e06",
  "schema_version": 1,
  "started_at": "2026-04-02T09:41:14.221Z",
  "trigger": {
    "actor": "igor",
    "cause": "manual",
    "executor": "local",
    "host": "thinkpad"
  }
}
=== journal/2026/04/02/01991f10-b118-7c93-8d41-6b2f7ae05e06/steps/0001.json (906 bytes)
{
  "definition": "host-ops",
  "disposition": "ran",
  "ended_at": "2026-04-02T09:41:14.221Z",
  "id": "purge-releases",
  "identities": {
    "digest": "sha256:62b26c5f251fc9814b98c77987766343d5e965422ef9d595dadc7b10ac04b7ae",
    "members": [
      "/srv/app/releases/r41",
      "/srv/app/releases/r42"
    ]
  },
  "kind": "destroy",
  "operation": "destroy",
  "provenance": {
    "definition_revision": "58aeb6071a8b27e5499dc7e69058d9cc7ab47658",
    "manifest_digest": "sha256:e49e840cd47031a55883798ad436d8269b95a1f49f01165f91047fc456907222"
  },
  "provider": "shell",
  "schema_version": 1,
  "selector": {
    "declared": {
      "values": [
        "/srv/app/releases/r41",
        "/srv/app/releases/r42"
      ]
    },
    "expanded_to": [
      "/srv/app/releases/r41",
      "/srv/app/releases/r42"
    ]
  },
  "started_at": "2026-04-02T09:41:14.221Z",
  "step": 1,
  "target": "local"
}
=== records/local/host-ops/%2Fsrv%2Fapp%2Freleases%2Fr41/01991f10-b118-7c93-8d41-6b2f7ae05e06-0001.json (648 bytes)
{
  "definition": "host-ops",
  "name": "/srv/app/releases/r41",
  "operation": "destroy",
  "provenance": {
    "definition_revision": "58aeb6071a8b27e5499dc7e69058d9cc7ab47658",
    "hyper_version": "1.4.0",
    "manifest_digest": "sha256:e49e840cd47031a55883798ad436d8269b95a1f49f01165f91047fc456907222",
    "procedure_revision": "22039deb600286eb7d1746d6f7354a4c46b36f50",
    "repo_revision": "90adf6b6623abf078bd891b58d4ab7d15c1530b7"
  },
  "record_type": "asset",
  "run_id": "01991f10-b118-7c93-8d41-6b2f7ae05e06",
  "schema_version": 1,
  "step": 1,
  "target": "local",
  "tombstone": true,
  "written_at": "2026-04-02T09:41:14.221Z"
}
=== records/local/host-ops/%2Fsrv%2Fapp%2Freleases%2Fr42/01991f10-b118-7c93-8d41-6b2f7ae05e06-0001.json (648 bytes)
{
  "definition": "host-ops",
  "name": "/srv/app/releases/r42",
  "operation": "destroy",
  "provenance": {
    "definition_revision": "58aeb6071a8b27e5499dc7e69058d9cc7ab47658",
    "hyper_version": "1.4.0",
    "manifest_digest": "sha256:e49e840cd47031a55883798ad436d8269b95a1f49f01165f91047fc456907222",
    "procedure_revision": "22039deb600286eb7d1746d6f7354a4c46b36f50",
    "repo_revision": "90adf6b6623abf078bd891b58d4ab7d15c1530b7"
  },
  "record_type": "asset",
  "run_id": "01991f10-b118-7c93-8d41-6b2f7ae05e06",
  "schema_version": 1,
  "step": 1,
  "target": "local",
  "tombstone": true,
  "written_at": "2026-04-02T09:41:14.221Z"
}
