=== STORE.md (442 bytes)
# The `hyper` Store

This branch is the record. Every other file on it is machine-written: `hyper`
put it there, no file here was authored by hand, and none is meant to be.

The branch is `hyper`'s account of the world, not part of it. Nothing on it is
configuration, nothing on it is reviewed, and nothing on it changes what a Run
does — it is what the Runs that have already happened left behind.

Editing it by hand is editing evidence.
=== journal/2026/04/02/01991ea6-b118-7c93-8d41-6b2f7ae05d08/outcome.json (367 bytes)
{
  "ended_at": "2026-04-02T09:41:14.221Z",
  "outcome": "refused",
  "refusal": [
    {
      "error_code": "reference-unresolvable",
      "field": "steps[1].args.command[1].path",
      "file": "procedures/reference-a-missing-field.yaml",
      "line": 16,
      "message": "path: $.nope names no field the Record first carries"
    }
  ],
  "schema_version": 1
}
=== journal/2026/04/02/01991ea6-b118-7c93-8d41-6b2f7ae05d08/run.json (470 bytes)
{
  "dry_run": false,
  "procedure": "where-am-i",
  "provenance": {
    "hyper_version": "1.4.0",
    "procedure_revision": "560cb3a29b1eca18079ebce5a1b3c37b6f80bf5c",
    "repo_revision": "5082962095633d0dc0dc5d8720a14de2cd7a9359"
  },
  "run_id": "01991ea6-b118-7c93-8d41-6b2f7ae05d08",
  "schema_version": 1,
  "started_at": "2026-04-02T09:41:14.221Z",
  "trigger": {
    "actor": "igor",
    "cause": "manual",
    "executor": "local",
    "host": "thinkpad"
  }
}
