  TARGET               │  targets/staging.yaml                    no baseline — no Store
  ─────────────────────┼────────────────────────────────────────────────────────────────
                       │ kind: target-declaration
                       │ target: staging
                       │ class: things
  read mutate DESTROY  │ kinds: [read, mutate, destroy]
  http                 │ capabilities: [http]
  api.things.dev       │ hosts: [api.things.dev]
                       │ auth:
  THINGS_API_TOKEN     │   token: {env: THINGS_API_TOKEN}

  AUTHORITY   assembled from definitions/ and targets/
  DEFINITION       TARGET   DEFINITION KINDS  TARGET KINDS         EFFECTIVE  DESTROY OPS
  things           staging  mutate destroy    read mutate destroy  m d        end_thing
  things-observed  staging  read              read mutate destroy  r          —
  2 definitions did not load · hyper check
