=== STORE.md (442 bytes)
# The `hyper` Store

This branch is the record. Every other file on it is machine-written: `hyper`
put it there, no file here was authored by hand, and none is meant to be.

The branch is `hyper`'s account of the world, not part of it. Nothing on it is
configuration, nothing on it is reviewed, and nothing on it changes what a Run
does — it is what the Runs that have already happened left behind.

Editing it by hand is editing evidence.
=== journal/2026/04/02/01984f1a-3c9f-7b04-9c2e-4f0b8d61a3e7/run.json (78 bytes)
{
  "run_id": "01984f1a-3c9f-7b04-9c2e-4f0b8d61a3e7",
  "schema_version": 1
}
