=== STORE.md (442 bytes)
# The `hyper` Store

This branch is the record. Every other file on it is machine-written: `hyper`
put it there, no file here was authored by hand, and none is meant to be.

The branch is `hyper`'s account of the world, not part of it. Nothing on it is
configuration, nothing on it is reviewed, and nothing on it changes what a Run
does — it is what the Runs that have already happened left behind.

Editing it by hand is editing evidence.
=== journal/2026/04/02/01991fa0-7777-7888-8999-000011112222/outcome.json (94 bytes)
{
  "ended_at": "2026-04-02T09:41:14.221Z",
  "outcome": "completed",
  "schema_version": 1
}
=== journal/2026/04/02/01991fa0-7777-7888-8999-000011112222/run.json (471 bytes)
{
  "dry_run": false,
  "procedure": "mint-tokens",
  "provenance": {
    "hyper_version": "1.4.0",
    "procedure_revision": "9e09763e208e9ff0199dd4c79ca51340d00a0232",
    "repo_revision": "beb29f82579cc8ec83f5ad9f0fa3e830d287ef44"
  },
  "run_id": "01991fa0-7777-7888-8999-000011112222",
  "schema_version": 1,
  "started_at": "2026-04-02T09:41:14.221Z",
  "trigger": {
    "actor": "igor",
    "cause": "manual",
    "executor": "local",
    "host": "thinkpad"
  }
}
=== journal/2026/04/02/01991fa0-7777-7888-8999-000011112222/steps/0001.json (918 bytes)
{
  "definition": "service-token",
  "disposition": "skipped-as-already-recorded",
  "ended_at": "2026-04-02T09:41:14.221Z",
  "id": "mint",
  "identities": {
    "digest": "sha256:bd129f049b64b671707f0ca77db9ae2ccb376a1368c71b5511413418814b4933",
    "members": [
      "billing",
      "mailer",
      "search"
    ]
  },
  "kind": "mutate",
  "operation": "mint_token",
  "provenance": {
    "definition_revision": "016667b38b4eed96dbd0c5317dbbc6ba7fcc66dd",
    "manifest_digest": "sha256:79009ff99978f46a8fd836356cbe5399f22fe41270ac16bf4e36ac9636359f61"
  },
  "provider": "vault-tokens",
  "schema_version": 1,
  "selector": {
    "bound": 3,
    "declared": {
      "values": [
        "billing",
        "search",
        "mailer"
      ]
    },
    "expanded_to": [
      "billing",
      "search",
      "mailer"
    ]
  },
  "started_at": "2026-04-02T09:41:14.221Z",
  "step": 1,
  "target": "vault-prod"
}
=== records/vault-prod/service-token/billing/01991a30-b118-7c93-8d41-6b2f7ae05f02-0001.json (742 bytes)
{
  "definition": "service-token",
  "fields": {
    "created_on": "2026-03-11T14:03:42.744Z",
    "service": "billing",
    "token": "<secret>"
  },
  "name": "billing",
  "operation": "mint_token",
  "provenance": {
    "definition_revision": "5c0a5ec7e3e1d2f9f6f7a1b0c3d4e5f6a7b8c9d0",
    "hyper_version": "1.4.0",
    "manifest_digest": "sha256:2b2f0c9a4f5d6e7a8b9c0d1e2f30415263748596a7b8c9d0e1f2a3b4c5d6e7f80",
    "procedure_revision": "1a2b3c4d5e6f708192a3b4c5d6e7f8091a2b3c4d",
    "repo_revision": "9f8e7d6c5b4a39281706f5e4d3c2b1a09f8e7d6c"
  },
  "record_type": "asset",
  "run_id": "01991a30-b118-7c93-8d41-6b2f7ae05f02",
  "schema_version": 1,
  "step": 1,
  "target": "vault-prod",
  "written_at": "2026-03-11T14:03:42.744Z"
}
=== records/vault-prod/service-token/mailer/01991a30-b118-7c93-8d41-6b2f7ae05f02-0001.json (740 bytes)
{
  "definition": "service-token",
  "fields": {
    "created_on": "2026-03-11T14:03:42.744Z",
    "service": "mailer",
    "token": "<secret>"
  },
  "name": "mailer",
  "operation": "mint_token",
  "provenance": {
    "definition_revision": "5c0a5ec7e3e1d2f9f6f7a1b0c3d4e5f6a7b8c9d0",
    "hyper_version": "1.4.0",
    "manifest_digest": "sha256:2b2f0c9a4f5d6e7a8b9c0d1e2f30415263748596a7b8c9d0e1f2a3b4c5d6e7f80",
    "procedure_revision": "1a2b3c4d5e6f708192a3b4c5d6e7f8091a2b3c4d",
    "repo_revision": "9f8e7d6c5b4a39281706f5e4d3c2b1a09f8e7d6c"
  },
  "record_type": "asset",
  "run_id": "01991a30-b118-7c93-8d41-6b2f7ae05f02",
  "schema_version": 1,
  "step": 1,
  "target": "vault-prod",
  "written_at": "2026-03-11T14:03:42.744Z"
}
=== records/vault-prod/service-token/search/01991a30-b118-7c93-8d41-6b2f7ae05f02-0001.json (740 bytes)
{
  "definition": "service-token",
  "fields": {
    "created_on": "2026-03-11T14:03:42.744Z",
    "service": "search",
    "token": "<secret>"
  },
  "name": "search",
  "operation": "mint_token",
  "provenance": {
    "definition_revision": "5c0a5ec7e3e1d2f9f6f7a1b0c3d4e5f6a7b8c9d0",
    "hyper_version": "1.4.0",
    "manifest_digest": "sha256:2b2f0c9a4f5d6e7a8b9c0d1e2f30415263748596a7b8c9d0e1f2a3b4c5d6e7f80",
    "procedure_revision": "1a2b3c4d5e6f708192a3b4c5d6e7f8091a2b3c4d",
    "repo_revision": "9f8e7d6c5b4a39281706f5e4d3c2b1a09f8e7d6c"
  },
  "record_type": "asset",
  "run_id": "01991a30-b118-7c93-8d41-6b2f7ae05f02",
  "schema_version": 1,
  "step": 1,
  "target": "vault-prod",
  "written_at": "2026-03-11T14:03:42.744Z"
}
