  # Archives the widget rather than deleting it: the API has no delete.
  # The Kind is mutate all the same — what it does to the asset is what counts.
  delete_widget:
    kind: mutate
    deadline: 30s
    # A POST, and not a DELETE, because the endpoint is /archive.
    http: {method: POST, host: "{from-target}", path: "/widgets/{id}/archive"}
    record:
      identity: "{id}"
      fields: {id: $.body.id}

CAPABILITIES        http
BOUND               none
RECORD CARDINALITY  one
RECORD IDENTITY     {id}
REPEATABILITY       run-once
DEADLINE            30s
CONCURRENCY LIMIT   1
