  retire-preview-envs
  BASELINE  no baseline — first Run of retire-preview-envs
  SUBJECT   01991ea6-b118…  igor@thinkpad  Thu 6 Aug 11:03  completed  2m31s  procedure rev b0c94f1

  YOU DID THIS   0 assets

  THE WORLD MOVED   0 observations

  THE CODE MOVED   0 facts

  TOTALS  0 changes · 0 asset · 0 observation · 0 tombstone · the code did not move
