{
  "content": [
    {"type":"text","text":"1 Probe"}
  ],
  "structuredContent": {
    "rows": [
      {"type":"probe_result","provider":"uptime","operation":"check_http","supplied":false,"projection":[{"identity":"cert.hyper.dev","fields":{"host":"cert.hyper.dev"}}],"unresolved":[{"position":"status","path":"$.status"},{"position":"days_left","path":"$.tls.days_left"}],"response":{"host":"cert.hyper.dev"}}
    ],
    "truncated": false
  },
  "isError": false
}
