  retire-preview-envs
  BASELINE  01991c3a-7d40…  cron           Tue 4 Aug 09:12  failed     reaped  procedure rev a91f0c2
  SUBJECT   01991ea6-b118…  igor@thinkpad  Thu 6 Aug 11:03  completed  2m31s   procedure rev b0c94f1
  Run 01992099-0000-7000-8000-000000000009 recorded the BASELINE entry failed at 2026-08-11T08:00:00.000Z

  YOU DID THIS   0 assets

  THE WORLD MOVED   0 observations

  THE CODE MOVED   2 facts
  SUBJECT                        FACT                 FROM     TO
  procedure retire-preview-envs  procedure revision   a91f0c2  b0c94f1
  —                              repository revision  1f0a3d7  88bc402
  other lines could not be counted · git diff 1f0a3d7 88bc402

  TOTALS  0 changes · 0 asset · 0 observation · 0 tombstone · the code moved
