{"type":"operation_detail","source":"  mutate_once:\n    kind: mutate\n    deadline: 1h\n    shell: {}\n    input:\n      type: object\n      properties:\n        command: {type: array, items: {type: string}}\n    record:\n      identity: $.command\n      fields:\n        exit_code: $.exit_code\n        stdout: $.stdout\n        stderr: $.stderr\n"}
{"type":"result","truncated":false}
