{"type":"operation_detail","source":"  mutate_once:\n    kind: mutate\n    deadline: 1h\n    shell: {}\n    input:\n      type: object\n      properties:\n        command: {type: array, items: {type: string}}\n    record:\n      identity: $.command\n      fields:\n        exit_code: $.exit_code\n","derived":{"capabilities":["shell"],"bound":"none","patterns_resolved":[],"record_cardinality":"one","record_identity":"$.command","repeatability":"run-once","deadline_seconds":3600,"concurrency_limit":1}}
{"type":"result","truncated":false}
