=== STORE.md (442 bytes)
# The `hyper` Store

This branch is the record. Every other file on it is machine-written: `hyper`
put it there, no file here was authored by hand, and none is meant to be.

The branch is `hyper`'s account of the world, not part of it. Nothing on it is
configuration, nothing on it is reviewed, and nothing on it changes what a Run
does — it is what the Runs that have already happened left behind.

Editing it by hand is editing evidence.
=== journal/2026/04/02/01991f30-b118-7c93-8d41-6b2f7ae05a18/outcome.json (94 bytes)
{
  "ended_at": "2026-04-02T09:41:14.221Z",
  "outcome": "completed",
  "schema_version": 1
}
=== journal/2026/04/02/01991f30-b118-7c93-8d41-6b2f7ae05a18/run.json (475 bytes)
{
  "dry_run": false,
  "procedure": "publish-preview",
  "provenance": {
    "hyper_version": "1.4.0",
    "procedure_revision": "99b77379e5aba6621a3d6c50505b1dc8e1d5b88a",
    "repo_revision": "0c0cb4a5246f4eef0647f238a925287bbf82ae6f"
  },
  "run_id": "01991f30-b118-7c93-8d41-6b2f7ae05a18",
  "schema_version": 1,
  "started_at": "2026-04-02T09:41:14.221Z",
  "trigger": {
    "actor": "igor",
    "cause": "manual",
    "executor": "local",
    "host": "thinkpad"
  }
}
=== journal/2026/04/02/01991f30-b118-7c93-8d41-6b2f7ae05a18/steps/0001.json (675 bytes)
{
  "definition": "preview-dns",
  "disposition": "ran",
  "ended_at": "2026-04-02T09:41:14.221Z",
  "id": "publish",
  "identities": {
    "digest": "sha256:059fd80bc53e9dad924c77d7a988b6a006b43e74d17afc44a6cd696a2b2d4601",
    "members": [
      "preview-42.example.com"
    ]
  },
  "kind": "mutate",
  "operation": "create_dns_record",
  "provenance": {
    "definition_revision": "faa5bb20bbfc9936fae25486223ae095826dbf4d",
    "manifest_digest": "sha256:b3ad9c442bfb2fbe8552679eb7c8e9ada194e75ee3327a5cbe11644094df0df8"
  },
  "provider": "cloudflare-dns",
  "schema_version": 1,
  "started_at": "2026-04-02T09:41:14.221Z",
  "step": 1,
  "target": "cloudflare-prod"
}
=== records/cloudflare-prod/preview-dns/preview-42.example.com/01991a30-b118-7c93-8d41-6b2f7ae05f01-0001.json (800 bytes)
{
  "definition": "preview-dns",
  "fields": {
    "created_on": "2026-03-11T14:03:42.744Z",
    "id": "a1b2c3d4e5f60718293a4b5c6d7e8f90",
    "name": "preview-42.example.com"
  },
  "name": "preview-42.example.com",
  "operation": "create_dns_record",
  "provenance": {
    "definition_revision": "5c0a5ec7e3e1d2f9f6f7a1b0c3d4e5f6a7b8c9d0",
    "hyper_version": "1.4.0",
    "manifest_digest": "sha256:2b2f0c9a4f5d6e7a8b9c0d1e2f30415263748596a7b8c9d0e1f2a3b4c5d6e7f80",
    "procedure_revision": "1a2b3c4d5e6f708192a3b4c5d6e7f8091a2b3c4d",
    "repo_revision": "9f8e7d6c5b4a39281706f5e4d3c2b1a09f8e7d6c"
  },
  "record_type": "asset",
  "run_id": "01991a30-b118-7c93-8d41-6b2f7ae05f01",
  "schema_version": 1,
  "step": 1,
  "target": "cloudflare-prod",
  "written_at": "2026-03-11T14:03:42.744Z"
}
=== records/cloudflare-prod/preview-dns/preview-42.example.com/01991f30-b118-7c93-8d41-6b2f7ae05a18-0001.json (799 bytes)
{
  "definition": "preview-dns",
  "fields": {
    "created_on": "2026-04-02T09:41:14.221Z",
    "id": "e4d0a71b6c5f4938271605f4e3d2c1b0",
    "name": "preview-42.example.com"
  },
  "name": "preview-42.example.com",
  "operation": "create_dns_record",
  "provenance": {
    "definition_revision": "faa5bb20bbfc9936fae25486223ae095826dbf4d",
    "hyper_version": "1.4.0",
    "manifest_digest": "sha256:b3ad9c442bfb2fbe8552679eb7c8e9ada194e75ee3327a5cbe11644094df0df8",
    "procedure_revision": "99b77379e5aba6621a3d6c50505b1dc8e1d5b88a",
    "repo_revision": "0c0cb4a5246f4eef0647f238a925287bbf82ae6f"
  },
  "record_type": "asset",
  "run_id": "01991f30-b118-7c93-8d41-6b2f7ae05a18",
  "schema_version": 1,
  "step": 1,
  "target": "cloudflare-prod",
  "written_at": "2026-04-02T09:41:14.221Z"
}
