  TARGET            │  targets/unclaimed.yaml                  no baseline — no Store
  ──────────────────┼────────────────────────────────────────────────────────────────
                    │ kind: target-declaration
                    │ target: unclaimed
                    │ class: things
  read DESTROY      │ kinds: [read, destroy]
  http              │ capabilities: [http]
  api.things.dev    │ hosts: [api.things.dev]
                    │ auth:
  THINGS_API_TOKEN  │   token: {env: THINGS_API_TOKEN}

  AUTHORITY   assembled from definitions/ and targets/
  no Definition claims this Target
  2 definitions did not load · hyper check
