  TARGET  │  targets/unclaimed.yaml                  no baseline — no Store
  ────────┼────────────────────────────────────────────────────────────────
          │ kind: target-declaration
          │ target: unclaimed
          │ class: things
          │ kinds: [read, destroy]
          │ capabilities: [http]
          │ hosts: [api.things.dev]
          │ auth:
          │   token: {env: THINGS_API_TOKEN}

  AUTHORITY   assembled from definitions/ and targets/
  no Definition claims this Target
  2 definitions did not load · hyper check
