{"type":"problem","file":"procedures/a-backwards-range.yaml","line":4,"column":10,"field":"cadence","error_code":"cadence-malformed","message":"cadence: \"5-2 * * * *\" is not an expression the grammar admits — minute range 5-2 runs backwards: a-b needs a no greater than b"}
{"type":"problem","file":"procedures/a-day-name.yaml","line":4,"column":10,"field":"cadence","error_code":"cadence-malformed","message":"cadence: \"0 3 * * MON\" is not an expression the grammar admits — day of week \"MON\" is not one of the grammar's four item forms: *, a number, a range a-b, or a step over either"}
{"type":"problem","file":"procedures/a-day-of-month-of-zero.yaml","line":4,"column":10,"field":"cadence","error_code":"cadence-malformed","message":"cadence: \"0 0 0 * *\" is not an expression the grammar admits — day of month 0 is outside the field's span 1–31"}
{"type":"problem","file":"procedures/a-day-of-month-past-31.yaml","line":4,"column":10,"field":"cadence","error_code":"cadence-malformed","message":"cadence: \"0 0 32 * *\" is not an expression the grammar admits — day of month 32 is outside the field's span 1–31"}
{"type":"problem","file":"procedures/a-day-of-week-past-6.yaml","line":4,"column":10,"field":"cadence","error_code":"cadence-malformed","message":"cadence: \"0 0 * * 7\" is not an expression the grammar admits — day of week 7 is outside the field's span 0–6"}
{"type":"problem","file":"procedures/a-fourth-field.yaml","line":4,"column":10,"field":"cadence","error_code":"cadence-malformed","message":"cadence: \"0 0 * *\" is not an expression the grammar admits — it carries 4 fields where the grammar states five: minute, hour, day of month, month, day of week"}
{"type":"problem","file":"procedures/a-hash.yaml","line":4,"column":10,"field":"cadence","error_code":"cadence-malformed","message":"cadence: \"0 0 * * 1#2\" is not an expression the grammar admits — day of week \"1#2\" is not one of the grammar's four item forms: *, a number, a range a-b, or a step over either"}
{"type":"problem","file":"procedures/a-minute-past-59.yaml","line":4,"column":10,"field":"cadence","error_code":"cadence-malformed","message":"cadence: \"60 * * * *\" is not an expression the grammar admits — minute 60 is outside the field's span 0–59"}
{"type":"problem","file":"procedures/a-month-name.yaml","line":4,"column":10,"field":"cadence","error_code":"cadence-malformed","message":"cadence: \"0 0 1 JAN *\" is not an expression the grammar admits — month \"JAN\" is not one of the grammar's four item forms: *, a number, a range a-b, or a step over either"}
{"type":"problem","file":"procedures/a-month-past-12.yaml","line":4,"column":10,"field":"cadence","error_code":"cadence-malformed","message":"cadence: \"0 0 1 13 *\" is not an expression the grammar admits — month 13 is outside the field's span 1–12"}
{"type":"problem","file":"procedures/a-nickname.yaml","line":4,"column":10,"field":"cadence","error_code":"cadence-malformed","message":"cadence: \"@daily\" is not an expression the grammar admits — it carries 1 field where the grammar states five: minute, hour, day of month, month, day of week"}
{"type":"problem","file":"procedures/a-question-mark.yaml","line":4,"column":10,"field":"cadence","error_code":"cadence-malformed","message":"cadence: \"0 0 ? * *\" is not an expression the grammar admits — day of month \"?\" is not one of the grammar's four item forms: *, a number, a range a-b, or a step over either"}
{"type":"problem","file":"procedures/a-sixth-field.yaml","line":4,"column":10,"field":"cadence","error_code":"cadence-malformed","message":"cadence: \"0 0 * * * *\" is not an expression the grammar admits — it carries 6 fields where the grammar states five: minute, hour, day of month, month, day of week — a seconds field, a timezone and an offset are each a sixth"}
{"type":"problem","file":"procedures/a-timezone.yaml","line":4,"column":10,"field":"cadence","error_code":"cadence-malformed","message":"cadence: \"0 3 * * 1 America/New_York\" is not an expression the grammar admits — it carries 6 fields where the grammar states five: minute, hour, day of month, month, day of week — a seconds field, a timezone and an offset are each a sixth"}
{"type":"problem","file":"procedures/a-w.yaml","line":4,"column":10,"field":"cadence","error_code":"cadence-malformed","message":"cadence: \"0 0 15W * *\" is not an expression the grammar admits — day of month \"15W\" is not one of the grammar's four item forms: *, a number, a range a-b, or a step over either"}
{"type":"problem","file":"procedures/an-hour-past-23.yaml","line":4,"column":10,"field":"cadence","error_code":"cadence-malformed","message":"cadence: \"0 24 * * *\" is not an expression the grammar admits — hour 24 is outside the field's span 0–23"}
{"type":"problem","file":"procedures/an-l.yaml","line":4,"column":10,"field":"cadence","error_code":"cadence-malformed","message":"cadence: \"0 0 L * *\" is not an expression the grammar admits — day of month \"L\" is not one of the grammar's four item forms: *, a number, a range a-b, or a step over either"}
{"type":"result","truncated":false}
