{"type":"version","target":"local","definition":"uptime","name":"status.hyper.dev","run_id":"01984f2b-4da0-7c15-8d41-6b2f7ae05c19","step":1,"written_at":"2025-06-06T09:41:14.221Z"}
{"type":"version","target":"local","definition":"uptime","name":"status.hyper.dev","run_id":"01984f3c-5eb1-7d26-9e52-7c3f8bf16d2a","step":1,"written_at":"2025-09-14T09:41:14.221Z"}
{"type":"result","truncated":false}
