{"type":"workflow","path":".github/workflows/hyper-list-preview-dns.yml","procedure":"list-preview-dns","cadence":"15,45 * * * *","phrase":"at :15 and :45 past every hour","rate":1500}
{"type":"workflow","path":".github/workflows/hyper-retire-preview-dns.yml","procedure":"retire-preview-dns","cadence":"0 3 * * 1","phrase":"03:00 UTC every Monday","rate":4.3}
{"type":"result","truncated":false}
