  DEFINITION  │  definitions/heartbeat.yaml              295fea3 → working tree
  ────────────┼────────────────────────────────────────────────────────────────
              │ kind: definition
              │ definition: heartbeat
              │ provider: uptime
  read        │ kinds: [read]
  staging     │ targets: [staging]

  AUTHORITY   assembled from definitions/ and targets/
  DEFINITION  TARGET   DEFINITION KINDS  TARGET KINDS  EFFECTIVE  DESTROY OPS
  heartbeat   staging  read              read          r          —

  FLAGS   index into the gutter above — no flag states anything the gutter does not
  no line the gutter marked draws a flag
