STEP  ID   KIND  DISPOSITION  RECORDS
1     ttl  read  refused      –

refused: schema-mismatch

  procedures/watch-ttl.yaml:15
   13 │     args:
   14 │       host: {item: $.host}
   15 │       ttl: {item: $.ttl}
      │            ^ {item: $.ttl} resolves to nothing on site-a, and every input check_ttl declares is supplied
      │
      = checked at expansion, before the first call
      = no flag overrides this (ADR-0001) — the way past is an artefact edit

EDIT ONE OF
FILE                       LINE  FIELD
procedures/watch-ttl.yaml  15    steps[0].args.ttl

step 1 wrote nothing.

refused · exit 77 · run 01991ea6-b118-7c93-8d41-6b2f7ae05c10
