STEP  ID       KIND  DISPOSITION  RECORDS
1     probe    read  ran          1
2     guarded  read  refused      –

refused: predicate-type-mismatch

  procedures/watch-when-uncomparable.yaml:19
   17 │       step: probe
   18 │       field: host
   19 │       greater_than: 10
      │                     ^ on the Record step probe acted on, field: host holds the string "status.hyper.dev", and greater_than: takes a number
      │
      = checked at expansion, before the first call
      = no flag overrides this (ADR-0001) — the way past is an artefact edit

EDIT ONE OF
FILE                                     LINE  FIELD
procedures/watch-when-uncomparable.yaml  19    steps[1].when.greater_than

step 1 ran and what it did stands. step 2 wrote nothing.

refused · exit 77 · run 01991f11-b118-7c93-8d41-6b2f7ae05c48
