STEP  ID       KIND  DISPOSITION  RECORDS
1     probe    read  ran          1
2     guarded  read  refused      –

FILE                                     LINE  FIELD                       ERROR_CODE               MESSAGE
procedures/watch-when-uncomparable.yaml  19    steps[1].when.greater_than  predicate-type-mismatch  on the Record step probe acted on, field: host holds the string "status.hyper.dev", and greater_than: takes a number

refused · exit 77 · run 01991f11-b118-7c93-8d41-6b2f7ae05c48
