COLLECTION  $.body.result  2 members

FIELD  VALUE
name   preview-42.example.com

FIELD  VALUE
name   preview-43.example.com

UNRESOLVED  PATH
identity:   $.id
id          $.id
created_on  $.created_on

RESPONSE  (supplied; no call was made)
{"host":"api.cloudflare.com","status":200,"body":{"result":[{"name":"preview-42.example.com","record_id":"372e6795-4025-4e0b-a6aa-6d586b9e0b59"},{"name":"preview-43.example.com","record_id":"9c1b0e6d-4f7a-4b3c-8d5e-1f0a7b6c4d92"}],"success":true}}
