{"type":"problem","file":".github/workflows/hyper-nightly.yml","line":0,"column":0,"field":"","error_code":"projection-stale","message":"the Procedure nightly declares a Cadence and the working tree holds no file here — hyper project writes it"}
{"type":"problem","file":".github/workflows/hyper-rotate-once.yml","line":0,"column":0,"field":"","error_code":"projection-stale","message":"the Procedure rotate-once declares a Cadence and the working tree holds no file here — hyper project writes it"}
{"type":"problem","file":"procedures/nightly.yaml","line":4,"column":10,"field":"cadence","error_code":"cadence-malformed","message":"cadence: \"@daily\" is not an expression the grammar admits — it carries 1 field where the grammar states five: minute, hour, day of month, month, day of week"}
{"type":"problem","file":"procedures/nightly.yaml","line":4,"column":10,"field":"cadence","error_code":"cadence-run-once","message":"cadence: reaches a run-once Step at some depth — a Cadence over a run-once Step declares a recurrence with a lifespan of one occurrence"}
{"type":"problem","file":"procedures/rotate-once.yaml","line":4,"column":10,"field":"cadence","error_code":"cadence-malformed","message":"cadence: \"@weekly\" is not an expression the grammar admits — it carries 1 field where the grammar states five: minute, hour, day of month, month, day of week"}
{"type":"problem","file":"procedures/rotate-once.yaml","line":4,"column":10,"field":"cadence","error_code":"cadence-run-once","message":"cadence: reaches a run-once Step at some depth — a Cadence over a run-once Step declares a recurrence with a lifespan of one occurrence"}
{"type":"result","truncated":false}
