TARGET  DEFINITION  RECORD              ORDINAL  RUN             STEP  KIND         TOMBSTONE  ORPHANED  SECRETS  HYPER
local   uptime      zurich.example.com  1        01991a00-0000…  1     observation                                1.4.0
local   uptime      émile.example.com   1        01991a00-0000…  2     observation                                1.4.0
