ENTRY                0199206d-4e15-7c30-9b8a-52d9ea01f7b4
PROCEDURE            retire-preview-envs
CAUSE                manual
EXECUTOR             local
ACTOR                igor
HOST                 thinkpad
STARTED              2026-08-06T11:03:18.000Z
OUTCOME              completed
ENDED                2026-08-06T11:03:31.000Z
HYPER                1.4.0
PROCEDURE REVISION   b0c94f1e73a852d6b4f09c318e2a70d5c86b41fe
REPOSITORY REVISION  88bc402f71d3e6a95c0428be1f7d3a09c5e64b12

STEP 1  probe · read · ran
DEFINITION           uptime
OPERATION            check_http
PROVIDER             uptime
TARGET               local
STARTED              2026-08-06T11:03:18.000Z
ENDED                2026-08-06T11:03:31.000Z
RECORDS              cert.hyper.dev · status.hyper.dev — unchanged since run 01991c3a-7d40-7a11-9c2e-4f0b8d61a3e7
PAGES                3
DEFINITION REVISION  c3a17b09e4d582f61b7c0a94d3e85f207c6b1d43
MANIFEST DIGEST      sha256:2b7e5c81f0a394d6e2b7c051a83f6d940e17c5b28a306f4d91e75b0c2f8a63d1
