=== STORE.md (442 bytes)
# The `hyper` Store

This branch is the record. Every other file on it is machine-written: `hyper`
put it there, no file here was authored by hand, and none is meant to be.

The branch is `hyper`'s account of the world, not part of it. Nothing on it is
configuration, nothing on it is reviewed, and nothing on it changes what a Run
does — it is what the Runs that have already happened left behind.

Editing it by hand is editing evidence.
=== journal/2026/04/02/01991f20-b118-7c93-8d41-6b2f7ae05d02/outcome.json (91 bytes)
{
  "ended_at": "2026-04-02T09:41:14.221Z",
  "outcome": "failed",
  "schema_version": 1
}
=== journal/2026/04/02/01991f20-b118-7c93-8d41-6b2f7ae05d02/run.json (471 bytes)
{
  "dry_run": false,
  "procedure": "list-absent",
  "provenance": {
    "hyper_version": "1.4.0",
    "procedure_revision": "9f38050cbfcf6a13099dde95c336e1df3094ffb7",
    "repo_revision": "09d4eeee00928fbd442e4301fb3cada65f30703a"
  },
  "run_id": "01991f20-b118-7c93-8d41-6b2f7ae05d02",
  "schema_version": 1,
  "started_at": "2026-04-02T09:41:14.221Z",
  "trigger": {
    "actor": "igor",
    "cause": "manual",
    "executor": "local",
    "host": "thinkpad"
  }
}
=== journal/2026/04/02/01991f20-b118-7c93-8d41-6b2f7ae05d02/steps/0001.json (662 bytes)
{
  "definition": "inventory-read",
  "disposition": "ran",
  "ended_at": "2026-04-02T09:41:14.221Z",
  "id": "absent",
  "identities": {
    "digest": "sha256:37517e5f3dc66819f61f5a7bb8ace1921282415f10551d2defa5c3eb0985b570",
    "members": []
  },
  "kind": "read",
  "operation": "list_absent",
  "projection_failed_path": "$.body.items",
  "provenance": {
    "definition_revision": "ea1dce380f2e3837565ee5671eed8cc88ace5b6b",
    "manifest_digest": "sha256:3fd0255a94abc56726ce410f525020bd9e25270f38721269e188446be81dcad3"
  },
  "provider": "inventory",
  "schema_version": 1,
  "started_at": "2026-04-02T09:41:14.221Z",
  "step": 1,
  "target": "local"
}
