{"type":"manifest","auth_scheme":"Authorization: Bearer <secret>","capabilities_required":["http"],"digest":"sha256:4b00e71f6ece9c220ce2a24625df264f2ad287f35df931042a2521662c7d215f","schema_version":1}
{"type":"operation","name":"list_widgets","kind":"read","opaque":false,"summary":"GET /widgets; repeatable; projects a Record series"}
{"type":"result","truncated":false}
