the record is the hyper-store branch of this repository — never checked out, and it travels with a clone

TARGET           DEFINITION  RECORD                 ORDINAL  RUN             STEP  REHEARSAL  KIND   TOMBSTONE  ORPHANED  SECRETS  HYPER
cloudflare-prod  legacy-dns  preview-8.example.com  2        01991b00-0000…  1                asset  yes                           1.3.2
cloudflare-prod  legacy-dns  preview-8.example.com  1        01991a00-0000…  1                asset  yes                           1.3.2
cloudflare-prod  legacy-dns  preview-9.example.com  2        01991c00-0000…  1                asset             yes                1.3.2
cloudflare-prod  legacy-dns  preview-9.example.com  1        01991a00-0000…  1                asset             yes                1.3.2
