nothing ran. no step was reached.

refused: secret-sink-absent

  procedures/read-sessions.yaml:5
    4 │ steps:
    5 │   - id: status
      │         ^ session read_session declares secret: output and this Run was given no Secret sink to write it to
      │
      = checked at run start, before the first step
      = the same command again with --secret-out <path>, naming a directory outside the repository that is not there yet

refused: secret-sink-absent

  procedures/read-sessions.yaml:11
    9 │     args:
   10 │       host: status.hyper.dev
   11 │   - id: cert
      │         ^ session read_session declares secret: output and this Run was given no Secret sink to write it to
      │
      = checked at run start, before the first step
      = the same command again with --secret-out <path>, naming a directory outside the repository that is not there yet

refused · exit 77 · run 01991f68-8299-74c8-9fa4-b2d3f948559c
