  PROCEDURE            │  procedures/beyond.yaml                  no baseline — no Store
  ─────────────────────┼────────────────────────────────────────────────────────────────
                       │ kind: procedure
                       │ procedure: beyond
  envelope ✗           │ targets: [staging]
                       │ steps:
  read  opaque  local  │   - id: reach
                       │     definition: commands
                       │     operation: read
                       │     target: local
                       │     args:
                       │       command: [uname, -a]

  AUTHORITY   assembled from definitions/ and targets/
  DEFINITION  TARGET  DEFINITION KINDS  TARGET KINDS  EFFECTIVE  DESTROY OPS
  commands    local   read              read destroy  r          —
