=== STORE.md (442 bytes)
# The `hyper` Store

This branch is the record. Every other file on it is machine-written: `hyper`
put it there, no file here was authored by hand, and none is meant to be.

The branch is `hyper`'s account of the world, not part of it. Nothing on it is
configuration, nothing on it is reviewed, and nothing on it changes what a Run
does — it is what the Runs that have already happened left behind.

Editing it by hand is editing evidence.
=== journal/2026/04/02/01991f80-1a2b-7c3d-8e4f-5a6b7c8d9e15/outcome.json (94 bytes)
{
  "ended_at": "2026-04-02T09:41:14.221Z",
  "outcome": "completed",
  "schema_version": 1
}
=== journal/2026/04/02/01991f80-1a2b-7c3d-8e4f-5a6b7c8d9e15/run.json (475 bytes)
{
  "dry_run": false,
  "procedure": "publish-guarded",
  "provenance": {
    "hyper_version": "1.4.0",
    "procedure_revision": "e5138e8feb843b65b96b4d0712f1ba1a54b85a8a",
    "repo_revision": "0353643b1dce169342e2e0ebdc5e581f5fb9eb11"
  },
  "run_id": "01991f80-1a2b-7c3d-8e4f-5a6b7c8d9e15",
  "schema_version": 1,
  "started_at": "2026-04-02T09:41:14.221Z",
  "trigger": {
    "actor": "igor",
    "cause": "manual",
    "executor": "local",
    "host": "thinkpad"
  }
}
=== journal/2026/04/02/01991f80-1a2b-7c3d-8e4f-5a6b7c8d9e15/steps/0001.json (642 bytes)
{
  "definition": "uptime-check",
  "disposition": "ran",
  "ended_at": "2026-04-02T09:41:14.221Z",
  "id": "status",
  "identities": {
    "digest": "sha256:71b6b20b46299db0f8ce502940468780b5795732c59cbf3d62f410d1117137e3",
    "members": [
      "status.hyper.dev"
    ]
  },
  "kind": "read",
  "operation": "check_http",
  "provenance": {
    "definition_revision": "077c633cf1996368e8d16880b0bf2d37b6ffe360",
    "manifest_digest": "sha256:14430d0615ccff83ca5062c11134192621a89380e92ce554177727f54ad092b7"
  },
  "provider": "uptime",
  "schema_version": 1,
  "started_at": "2026-04-02T09:41:14.221Z",
  "step": 1,
  "target": "local"
}
=== journal/2026/04/02/01991f80-1a2b-7c3d-8e4f-5a6b7c8d9e15/steps/0002.json (526 bytes)
{
  "definition": "preview-dns",
  "disposition": "skipped-by-condition",
  "ended_at": "2026-04-02T09:41:14.221Z",
  "id": "publish",
  "kind": "mutate",
  "operation": "create_dns_record",
  "provenance": {
    "definition_revision": "faa5bb20bbfc9936fae25486223ae095826dbf4d",
    "manifest_digest": "sha256:628a8a0a38287e60c4bc693177d39d3b8c3426b52973d653d4f600e44336bf22"
  },
  "provider": "cloudflare-dns",
  "schema_version": 1,
  "started_at": "2026-04-02T09:41:14.221Z",
  "step": 2,
  "target": "cloudflare-prod"
}
=== journal/2026/04/02/01991f80-1a2b-7c3d-8e4f-5a6b7c8d9e15/steps/0003.json (641 bytes)
{
  "definition": "uptime-check",
  "disposition": "ran",
  "ended_at": "2026-04-02T09:41:14.221Z",
  "id": "confirm",
  "identities": {
    "digest": "sha256:c7311e8ee18ae766a743b80075a07ddda3b1e5a09b30e885a1782f629ea12403",
    "members": [
      "cert.hyper.dev"
    ]
  },
  "kind": "read",
  "operation": "check_http",
  "provenance": {
    "definition_revision": "077c633cf1996368e8d16880b0bf2d37b6ffe360",
    "manifest_digest": "sha256:14430d0615ccff83ca5062c11134192621a89380e92ce554177727f54ad092b7"
  },
  "provider": "uptime",
  "schema_version": 1,
  "started_at": "2026-04-02T09:41:14.221Z",
  "step": 3,
  "target": "local"
}
=== records/local/uptime-check/cert.hyper.dev/01991f80-1a2b-7c3d-8e4f-5a6b7c8d9e15-0003.json (721 bytes)
{
  "definition": "uptime-check",
  "fields": {
    "days_left": 34,
    "host": "cert.hyper.dev",
    "status": 200
  },
  "name": "cert.hyper.dev",
  "operation": "check_http",
  "provenance": {
    "definition_revision": "077c633cf1996368e8d16880b0bf2d37b6ffe360",
    "hyper_version": "1.4.0",
    "manifest_digest": "sha256:14430d0615ccff83ca5062c11134192621a89380e92ce554177727f54ad092b7",
    "procedure_revision": "e5138e8feb843b65b96b4d0712f1ba1a54b85a8a",
    "repo_revision": "0353643b1dce169342e2e0ebdc5e581f5fb9eb11"
  },
  "record_type": "observation",
  "run_id": "01991f80-1a2b-7c3d-8e4f-5a6b7c8d9e15",
  "schema_version": 1,
  "step": 3,
  "target": "local",
  "written_at": "2026-04-02T09:41:14.221Z"
}
=== records/local/uptime-check/status.hyper.dev/01991f80-1a2b-7c3d-8e4f-5a6b7c8d9e15-0001.json (725 bytes)
{
  "definition": "uptime-check",
  "fields": {
    "days_left": 34,
    "host": "status.hyper.dev",
    "status": 200
  },
  "name": "status.hyper.dev",
  "operation": "check_http",
  "provenance": {
    "definition_revision": "077c633cf1996368e8d16880b0bf2d37b6ffe360",
    "hyper_version": "1.4.0",
    "manifest_digest": "sha256:14430d0615ccff83ca5062c11134192621a89380e92ce554177727f54ad092b7",
    "procedure_revision": "e5138e8feb843b65b96b4d0712f1ba1a54b85a8a",
    "repo_revision": "0353643b1dce169342e2e0ebdc5e581f5fb9eb11"
  },
  "record_type": "observation",
  "run_id": "01991f80-1a2b-7c3d-8e4f-5a6b7c8d9e15",
  "schema_version": 1,
  "step": 1,
  "target": "local",
  "written_at": "2026-04-02T09:41:14.221Z"
}
