AUTH SCHEME     none
CAPABILITIES    shell
DIGEST          sha256:e49e840cd47031a55883798ad436d8269b95a1f49f01165f91047fc456907222
SCHEMA VERSION  1

NAME                     KIND     OPAQUE  SUMMARY
destroy                  destroy  true    shell; repeatable; projects no Record
destroy_once             destroy  true    shell; run-once; projects no Record
mutate                   mutate   true    shell; repeatable; projects one Record
mutate_once              mutate   true    shell; run-once; projects one Record
mutate_skip_if_recorded  mutate   true    shell; skip-if-recorded; projects one Record
read                     read     true    shell; repeatable; projects one Record
