  retire-preview-envs
  BASELINE  01991c3a-7d40…  cron           Tue 4 Aug 09:12  completed  1m48s   procedure rev a91f0c2
  SUBJECT   01991ea6-b118…  igor@thinkpad  Thu 6 Aug 11:03  failed     reaped  procedure rev b0c94f1
  Run 01992099-0000-7000-8000-000000000009 recorded the SUBJECT entry failed at 2026-08-13T08:00:00.000Z

  YOU DID THIS   0 assets

  THE WORLD MOVED   0 observations

  TOTALS  0 changes · 0 asset · 0 observation · 0 tombstone
