the record is the hyper-store branch of this repository — never checked out, and it travels with a clone

RUN             STARTED                   TRIGGER        OUTCOME    CONTESTED  PROCEDURE            TARGETS                  HYPER
0199206d-4e15…  2026-08-06T11:03:18.000Z  igor@thinkpad  completed             retire-preview-envs  local · staging          1.4.0
01991ea6-b118…  2026-08-06T09:41:12.508Z  cron           failed                retire-preview-envs  cloudflare-prod          1.4.0
01991d70-6a2f…  2026-08-05T20:00:00.000Z  igor@thinkpad  refused               retire-preview-envs                           1.4.0
01991c3a-7d40…  2026-08-05T14:20:00.000Z  igor                                 publish-preview      staging                  1.4.0
019917f2-2c81…  2026-08-04T09:12:03.000Z  cron           failed                retire-preview-envs  cloudflare-prod · local  1.3.2
019912ab-5e60…  2026-08-03T08:00:00.000Z  igor@thinkpad  completed  yes        publish-preview      local · staging          1.3.2
