{
  "content": [
    {"type":"text","text":"completed · run 01991f11-b118-7c93-8d41-6b2f7ae05c43"}
  ],
  "structuredContent": {
    "outcome": "completed",
    "run_id": "01991f11-b118-7c93-8d41-6b2f7ae05c43",
    "dry_run": false,
    "rows": [
      {"type":"step","step":1,"id":"probe","kind":"read","disposition":"ran","records":1},
      {"type":"step","step":2,"id":"middle","kind":"read","disposition":"skipped-by-condition"},
      {"type":"step","step":3,"id":"last","kind":"read","disposition":"skipped-by-condition"},
      {"type":"provenance","hyper_version":"1.4.0","procedure_revision":"a5101cd2270ad3b0fb9e2ee979b9ea4f623b3548","repo_revision":"c20d4294cd017addb178df3b6b8e41091e090da6"},
      {"type":"provenance","step":1,"definition_revision":"077c633cf1996368e8d16880b0bf2d37b6ffe360","manifest_digest":"sha256:14dff2145a882b17342788a65185d2e29f328075e6fc6c18b17d5d5ed120f147"},
      {"type":"provenance","step":2,"definition_revision":"077c633cf1996368e8d16880b0bf2d37b6ffe360","manifest_digest":"sha256:14dff2145a882b17342788a65185d2e29f328075e6fc6c18b17d5d5ed120f147"},
      {"type":"provenance","step":3,"definition_revision":"077c633cf1996368e8d16880b0bf2d37b6ffe360","manifest_digest":"sha256:14dff2145a882b17342788a65185d2e29f328075e6fc6c18b17d5d5ed120f147"}
    ],
    "truncated": null
  },
  "isError": false
}
