{"type":"target","name":"cloudflare-prod","hosts":["api.cloudflare.com"],"accepts_kinds":["read","mutate","destroy"],"grants_capabilities":["http"],"credentials":[{"slot":"token","env":"CLOUDFLARE_API_TOKEN","present":true}]}
{"type":"target","name":"local","hosts":["status.hyper.dev","cert.hyper.dev"],"accepts_kinds":["read"],"grants_capabilities":["http"]}
{"type":"result","truncated":false}
