{"type":"manifest","auth_scheme":"none","capabilities_required":["http"],"digest":"sha256:a2077bb5843fae35ef3e2410c76f21ca681f69e642972f5f1553532fa8a3dd3e","schema_version":1}
{"type":"operation","name":"read_session","kind":"read","opaque":false,"summary":"GET /session; repeatable; projects one Record; secret output: token"}
{"type":"result","truncated":false}
