{
  "content": [
    {"type":"text","text":"nothing ran. no step was reached.\n\nrefused: secret-sink-unwritten\n\n  procedures/read-session.yaml:5\n    4 │ steps:\n    5 │   - id: session\n      │         ^ session read_session declares secret: output and this hyper does not write a Secret sink — the value would be produced and discarded\n      │\n      = checked at run start, before the first step\n      = a hyper that writes a Secret sink — nothing in the repository is the fault\n\nrefused · exit 77 · run 01991ed9-e44b-7f74-b064-9bac5dc38f4c\n\na verbatim retry refuses identically: no argument to this tool, and no flag anywhere, overrides a guardrail (ADR-0001) — the way past is the edit or the command named above."}
  ],
  "structuredContent": {
    "outcome": "refused",
    "run_id": "01991ed9-e44b-7f74-b064-9bac5dc38f4c",
    "dry_run": false,
    "rows": [
      {"type":"refusal","error_code":"secret-sink-unwritten","step":1,"step_id":"session","operation":"read_session","target":"local","file":"procedures/read-session.yaml","line":5,"field":"steps[0]","message":"session read_session declares secret: output and this hyper does not write a Secret sink — the value would be produced and discarded"},
      {"type":"provenance","hyper_version":"1.4.0","procedure_revision":"e66ef493cfe8dcf040702318953c8a060919ecbe","repo_revision":"90bef0d7d755d7a171af8cddce589b3b1d9acce6"}
    ],
    "truncated": null
  },
  "isError": true
}
