STEP  ID    KIND    DISPOSITION  RECORDS
1     mint  mutate  ran          3

step 1 skipped 2 records and wrote no secret for them.
a member skip-if-recorded found already recorded makes no call, so there was no value for the sink to hold.

completed · exit 0 · run 01991fa0-5555-7666-8777-888899990000
