=== STORE.md (442 bytes)
# The `hyper` Store

This branch is the record. Every other file on it is machine-written: `hyper`
put it there, no file here was authored by hand, and none is meant to be.

The branch is `hyper`'s account of the world, not part of it. Nothing on it is
configuration, nothing on it is reviewed, and nothing on it changes what a Run
does — it is what the Runs that have already happened left behind.

Editing it by hand is editing evidence.
=== journal/2026/04/02/01991ea6-b118-7c93-8d41-6b2f7ae05d0a/outcome.json (94 bytes)
{
  "ended_at": "2026-04-02T09:41:14.221Z",
  "outcome": "completed",
  "schema_version": 1
}
=== journal/2026/04/02/01991ea6-b118-7c93-8d41-6b2f7ae05d0a/run.json (477 bytes)
{
  "dry_run": false,
  "procedure": "expand-over-hosts",
  "provenance": {
    "hyper_version": "1.4.0",
    "procedure_revision": "8307966a2aab654d30a06d38d50af02276d31ff5",
    "repo_revision": "3005a28147f893951016fced7da6a5a0d787294c"
  },
  "run_id": "01991ea6-b118-7c93-8d41-6b2f7ae05d0a",
  "schema_version": 1,
  "started_at": "2026-04-02T09:41:14.221Z",
  "trigger": {
    "actor": "igor",
    "cause": "manual",
    "executor": "local",
    "host": "thinkpad"
  }
}
=== journal/2026/04/02/01991ea6-b118-7c93-8d41-6b2f7ae05d0a/steps/0001.json (899 bytes)
{
  "definition": "host-checks",
  "disposition": "ran",
  "ended_at": "2026-04-02T09:41:14.221Z",
  "id": "hosts",
  "identities": {
    "digest": "sha256:1842b15385a4875b7a6709b9a27977d2e9b15ca317b9a211c4f7ee2ef7f28eaa",
    "members": [
      "[\"tally\",\"db-01\"]",
      "[\"tally\",\"web-01\"]",
      "[\"tally\",\"web-02\"]"
    ]
  },
  "kind": "read",
  "operation": "read",
  "provenance": {
    "definition_revision": "95dbd9c10a4d8218b9f5f27c0b8ff36586b7ad6d",
    "manifest_digest": "sha256:2c572c3551bc4a6d424c6c5f9738657326f74b675d48b2a79e92683b4cdaa1e4"
  },
  "provider": "shell",
  "schema_version": 1,
  "selector": {
    "declared": {
      "values": [
        "web-01",
        "web-02",
        "db-01"
      ]
    },
    "expanded_to": [
      "web-01",
      "web-02",
      "db-01"
    ]
  },
  "started_at": "2026-04-02T09:41:14.221Z",
  "step": 1,
  "target": "local"
}
=== records/local/host-checks/%5B%22tally%22%2C%22db-01%22%5D/01991ea6-b118-7c93-8d41-6b2f7ae05d0a-0001.json (754 bytes)
{
  "definition": "host-checks",
  "fields": {
    "exit_code": 0,
    "stderr": "",
    "stdout": "reached web-01\nreached web-02\nreached db-01\n"
  },
  "name": "[\"tally\",\"db-01\"]",
  "operation": "read",
  "provenance": {
    "definition_revision": "95dbd9c10a4d8218b9f5f27c0b8ff36586b7ad6d",
    "hyper_version": "1.4.0",
    "manifest_digest": "sha256:2c572c3551bc4a6d424c6c5f9738657326f74b675d48b2a79e92683b4cdaa1e4",
    "procedure_revision": "8307966a2aab654d30a06d38d50af02276d31ff5",
    "repo_revision": "3005a28147f893951016fced7da6a5a0d787294c"
  },
  "record_type": "observation",
  "run_id": "01991ea6-b118-7c93-8d41-6b2f7ae05d0a",
  "schema_version": 1,
  "step": 1,
  "target": "local",
  "written_at": "2026-04-02T09:41:14.221Z"
}
=== records/local/host-checks/%5B%22tally%22%2C%22web-01%22%5D/01991ea6-b118-7c93-8d41-6b2f7ae05d0a-0001.json (724 bytes)
{
  "definition": "host-checks",
  "fields": {
    "exit_code": 0,
    "stderr": "",
    "stdout": "reached web-01\n"
  },
  "name": "[\"tally\",\"web-01\"]",
  "operation": "read",
  "provenance": {
    "definition_revision": "95dbd9c10a4d8218b9f5f27c0b8ff36586b7ad6d",
    "hyper_version": "1.4.0",
    "manifest_digest": "sha256:2c572c3551bc4a6d424c6c5f9738657326f74b675d48b2a79e92683b4cdaa1e4",
    "procedure_revision": "8307966a2aab654d30a06d38d50af02276d31ff5",
    "repo_revision": "3005a28147f893951016fced7da6a5a0d787294c"
  },
  "record_type": "observation",
  "run_id": "01991ea6-b118-7c93-8d41-6b2f7ae05d0a",
  "schema_version": 1,
  "step": 1,
  "target": "local",
  "written_at": "2026-04-02T09:41:14.221Z"
}
=== records/local/host-checks/%5B%22tally%22%2C%22web-02%22%5D/01991ea6-b118-7c93-8d41-6b2f7ae05d0a-0001.json (740 bytes)
{
  "definition": "host-checks",
  "fields": {
    "exit_code": 0,
    "stderr": "",
    "stdout": "reached web-01\nreached web-02\n"
  },
  "name": "[\"tally\",\"web-02\"]",
  "operation": "read",
  "provenance": {
    "definition_revision": "95dbd9c10a4d8218b9f5f27c0b8ff36586b7ad6d",
    "hyper_version": "1.4.0",
    "manifest_digest": "sha256:2c572c3551bc4a6d424c6c5f9738657326f74b675d48b2a79e92683b4cdaa1e4",
    "procedure_revision": "8307966a2aab654d30a06d38d50af02276d31ff5",
    "repo_revision": "3005a28147f893951016fced7da6a5a0d787294c"
  },
  "record_type": "observation",
  "run_id": "01991ea6-b118-7c93-8d41-6b2f7ae05d0a",
  "schema_version": 1,
  "step": 1,
  "target": "local",
  "written_at": "2026-04-02T09:41:14.221Z"
}
