{
  "content": [
    {"type":"text","text":"1 Provider"}
  ],
  "structuredContent": {
    "rows": [
      {"type":"provider","name":"shell","origin":"built-in","summary":"class local; requires shell; 1 read, 3 mutate, 2 destroy","operation_count":6,"digest":"sha256:e49e840cd47031a55883798ad436d8269b95a1f49f01165f91047fc456907222"}
    ],
    "truncated": false
  },
  "isError": false
}
