=== STORE.md (442 bytes)
# The `hyper` Store

This branch is the record. Every other file on it is machine-written: `hyper`
put it there, no file here was authored by hand, and none is meant to be.

The branch is `hyper`'s account of the world, not part of it. Nothing on it is
configuration, nothing on it is reviewed, and nothing on it changes what a Run
does — it is what the Runs that have already happened left behind.

Editing it by hand is editing evidence.
=== journal/2026/04/02/01991f20-b118-7c93-8d41-6b2f7ae05d07/outcome.json (91 bytes)
{
  "ended_at": "2026-04-02T09:41:14.221Z",
  "outcome": "failed",
  "schema_version": 1
}
=== journal/2026/04/02/01991f20-b118-7c93-8d41-6b2f7ae05d07/run.json (470 bytes)
{
  "dry_run": false,
  "procedure": "list-items",
  "provenance": {
    "hyper_version": "1.4.0",
    "procedure_revision": "fdd0adb9065a63d9fd9170ca6023484d5e348d8e",
    "repo_revision": "9f5af908fc3960608a0e6065cc36a1556c634e94"
  },
  "run_id": "01991f20-b118-7c93-8d41-6b2f7ae05d07",
  "schema_version": 1,
  "started_at": "2026-04-02T09:41:14.221Z",
  "trigger": {
    "actor": "igor",
    "cause": "manual",
    "executor": "local",
    "host": "thinkpad"
  }
}
=== journal/2026/04/02/01991f20-b118-7c93-8d41-6b2f7ae05d07/steps/0001.json (648 bytes)
{
  "definition": "inventory-read",
  "disposition": "ran",
  "ended_at": "2026-04-02T09:41:14.221Z",
  "id": "items",
  "identities": {
    "digest": "sha256:1165d4b93367525df28956b770017e5e2cc566d93e522d874e296c9058b1271c",
    "members": [
      "Crate",
      "tin"
    ]
  },
  "kind": "read",
  "operation": "list_items",
  "provenance": {
    "definition_revision": "ea1dce380f2e3837565ee5671eed8cc88ace5b6b",
    "manifest_digest": "sha256:3fd0255a94abc56726ce410f525020bd9e25270f38721269e188446be81dcad3"
  },
  "provider": "inventory",
  "schema_version": 1,
  "started_at": "2026-04-02T09:41:14.221Z",
  "step": 1,
  "target": "local"
}
=== records/local/inventory-read/Crate/01991f20-b118-7c93-8d41-6b2f7ae05d07-0001.json (666 bytes)
{
  "definition": "inventory-read",
  "fields": {
    "state": "ready"
  },
  "name": "Crate",
  "operation": "list_items",
  "provenance": {
    "definition_revision": "ea1dce380f2e3837565ee5671eed8cc88ace5b6b",
    "hyper_version": "1.4.0",
    "manifest_digest": "sha256:3fd0255a94abc56726ce410f525020bd9e25270f38721269e188446be81dcad3",
    "procedure_revision": "fdd0adb9065a63d9fd9170ca6023484d5e348d8e",
    "repo_revision": "9f5af908fc3960608a0e6065cc36a1556c634e94"
  },
  "record_type": "observation",
  "run_id": "01991f20-b118-7c93-8d41-6b2f7ae05d07",
  "schema_version": 1,
  "step": 1,
  "target": "local",
  "written_at": "2026-04-02T09:41:14.221Z"
}
=== records/local/inventory-read/tin/01991f20-b118-7c93-8d41-6b2f7ae05d07-0001.json (664 bytes)
{
  "definition": "inventory-read",
  "fields": {
    "state": "ready"
  },
  "name": "tin",
  "operation": "list_items",
  "provenance": {
    "definition_revision": "ea1dce380f2e3837565ee5671eed8cc88ace5b6b",
    "hyper_version": "1.4.0",
    "manifest_digest": "sha256:3fd0255a94abc56726ce410f525020bd9e25270f38721269e188446be81dcad3",
    "procedure_revision": "fdd0adb9065a63d9fd9170ca6023484d5e348d8e",
    "repo_revision": "9f5af908fc3960608a0e6065cc36a1556c634e94"
  },
  "record_type": "observation",
  "run_id": "01991f20-b118-7c93-8d41-6b2f7ae05d07",
  "schema_version": 1,
  "step": 1,
  "target": "local",
  "written_at": "2026-04-02T09:41:14.221Z"
}
