FIELD       VALUE
identity:   preview-42.example.com
id          372e6795-4025-4e0b-a6aa-6d586b9e0b59
name        preview-42.example.com
created_on  2026-08-29T10:14:02.518Z

RESPONSE  (supplied; no call was made)
{"host":"api.cloudflare.com","status":200,"headers":{"content-type":"application/json"},"body":{"errors":[],"result":{"content":"203.0.113.10","created_on":"2026-08-29T10:14:02.518Z","id":"372e6795-4025-4e0b-a6aa-6d586b9e0b59","name":"preview-42.example.com","type":"A"},"success":true}}
