{
  "content": [
    {"type":"text","text":"50 Providers, truncated"}
  ],
  "structuredContent": {
    "rows": [
      {"type":"provider","name":"p01","origin":"extension","summary":"class widgetco; requires http; 1 read","operation_count":1,"digest":"sha256:5e7cb42b4808aa1a600add99b581313f73719bc3de6476968fe58f3f962b8c9f"},
      {"type":"provider","name":"p02","origin":"extension","summary":"class widgetco; requires http; 1 read","operation_count":1,"digest":"sha256:fb221cb711624d1728349f5508a122b96977a7f0abc781c62620089c4682fb98"},
      {"type":"provider","name":"p03","origin":"extension","summary":"class widgetco; requires http; 1 read","operation_count":1,"digest":"sha256:fb3e63282839e98adec9cb2f26bf70917306df75ae06b95b664b730f06796b7f"},
      {"type":"provider","name":"p04","origin":"extension","summary":"class widgetco; requires http; 1 read","operation_count":1,"digest":"sha256:9f7f6f1dd8b9f5b50504e89cf01a79f2106bef0f8210044b292f215b7aaba1e6"},
      {"type":"provider","name":"p05","origin":"extension","summary":"class widgetco; requires http; 1 read","operation_count":1,"digest":"sha256:50f07600299068659b03af2d142e3c2384b89dddb065f11f2c008f84fa8e317e"},
      {"type":"provider","name":"p06","origin":"extension","summary":"class widgetco; requires http; 1 read","operation_count":1,"digest":"sha256:3f6d879d4a2dce7559b2859e82ab7fa0b0b566f56c3b1f5ce5f3fb06f88b8600"},
      {"type":"provider","name":"p07","origin":"extension","summary":"class widgetco; requires http; 1 read","operation_count":1,"digest":"sha256:56616dcdb8175557b25346842c56bbc4605a5fa2ef7f28058c9b860dc4f8d0ac"},
      {"type":"provider","name":"p08","origin":"extension","summary":"class widgetco; requires http; 1 read","operation_count":1,"digest":"sha256:b391b336b13421dc134ce6e3394b01675751400e3e6bddfb037c02b241855429"},
      {"type":"provider","name":"p09","origin":"extension","summary":"class widgetco; requires http; 1 read","operation_count":1,"digest":"sha256:457f839bb0064ed20d3425e2055c171d29556750628ca8dfb6fe47c1fa093163"},
      {"type":"provider","name":"p10","origin":"extension","summary":"class widgetco; requires http; 1 read","operation_count":1,"digest":"sha256:65d967be462bfda4dc22bff09e6b18781d9a79f130be790a17d97afb5b73d944"},
      {"type":"provider","name":"p11","origin":"extension","summary":"class widgetco; requires http; 1 read","operation_count":1,"digest":"sha256:763f99c836efb2a70bd92c523a226f206b717fcbb9cbdc3af4a74c783412bdb6"},
      {"type":"provider","name":"p12","origin":"extension","summary":"class widgetco; requires http; 1 read","operation_count":1,"digest":"sha256:859a9c2bfe1a4221e54442ca5a7a623e82d890612d0f38d3f922b82addda33b9"},
      {"type":"provider","name":"p13","origin":"extension","summary":"class widgetco; requires http; 1 read","operation_count":1,"digest":"sha256:a1645b8eb3fe404e409823e41c58d98e570cd61ad0811973bad6da27648a19ce"},
      {"type":"provider","name":"p14","origin":"extension","summary":"class widgetco; requires http; 1 read","operation_count":1,"digest":"sha256:33e60fd8ac7c5705e73e1610a4d2509cae03c5a2da326111a959aa0fbefcc1c9"},
      {"type":"provider","name":"p15","origin":"extension","summary":"class widgetco; requires http; 1 read","operation_count":1,"digest":"sha256:6007c79468fc89c021a53f214fa930e679d60f5843632fccd0ff8374da753be9"},
      {"type":"provider","name":"p16","origin":"extension","summary":"class widgetco; requires http; 1 read","operation_count":1,"digest":"sha256:d73991064e1549ba2b857b81d5b124afe4b75d7d7c8ac276b2417e3f61fa8f24"},
      {"type":"provider","name":"p17","origin":"extension","summary":"class widgetco; requires http; 1 read","operation_count":1,"digest":"sha256:07b46272b07ad4e2a3abf8cbc7ad83e5b7ca9eacfed5008d60f5c2f80a75f683"},
      {"type":"provider","name":"p18","origin":"extension","summary":"class widgetco; requires http; 1 read","operation_count":1,"digest":"sha256:a50d64d6a8df96b8ba361ba92fafc86e3773a7d55e3c2766b51d61261cc686a8"},
      {"type":"provider","name":"p19","origin":"extension","summary":"class widgetco; requires http; 1 read","operation_count":1,"digest":"sha256:56a216bd49426f88f11c06744664838cca34768f5a32e9b1e4f49df1ef816975"},
      {"type":"provider","name":"p20","origin":"extension","summary":"class widgetco; requires http; 1 read","operation_count":1,"digest":"sha256:0d7816b040ffd7f90e201316d847b260bd4d9db52d36ed0f5fe21cdc34e68603"},
      {"type":"provider","name":"p21","origin":"extension","summary":"class widgetco; requires http; 1 read","operation_count":1,"digest":"sha256:d32a638a1e3498e49c8b6b98d1ea82d647e49993c3cb21e045886f16bd00c3bb"},
      {"type":"provider","name":"p22","origin":"extension","summary":"class widgetco; requires http; 1 read","operation_count":1,"digest":"sha256:f0071db2c2824f0edddeb4bb96cb51528ebc1884abd9a6a54530880e7ac713f8"},
      {"type":"provider","name":"p23","origin":"extension","summary":"class widgetco; requires http; 1 read","operation_count":1,"digest":"sha256:6600297b0325b77962b62a093961732871014b4634774737afc01433237dc1e7"},
      {"type":"provider","name":"p24","origin":"extension","summary":"class widgetco; requires http; 1 read","operation_count":1,"digest":"sha256:80ee5a365d24c717860a6fe1f911e0af76fbe53f93880d03a99e5f06f0e89aff"},
      {"type":"provider","name":"p25","origin":"extension","summary":"class widgetco; requires http; 1 read","operation_count":1,"digest":"sha256:9cbccb5fd5f4c820841ba4a6b139394802093f112126175c14bb993c6edc6eb3"},
      {"type":"provider","name":"p26","origin":"extension","summary":"class widgetco; requires http; 1 read","operation_count":1,"digest":"sha256:b7253ec97b0a8395352214c86689e4ff0d6a5e18edb7079b32e85a1a84d4f11e"},
      {"type":"provider","name":"p27","origin":"extension","summary":"class widgetco; requires http; 1 read","operation_count":1,"digest":"sha256:6c92f4ba79b5684a5a8b6b43d1b3f2c90ff48facde04dc1b72f5c038d2ce44c8"},
      {"type":"provider","name":"p28","origin":"extension","summary":"class widgetco; requires http; 1 read","operation_count":1,"digest":"sha256:c44361f4a15ce0a484952592bfe7440acb95723e6318c4871dda86a82f8097fd"},
      {"type":"provider","name":"p29","origin":"extension","summary":"class widgetco; requires http; 1 read","operation_count":1,"digest":"sha256:6c8d349d9a68fc7a17c35f8ae38dac0424be30851358cdc66d86a52884e8ae15"},
      {"type":"provider","name":"p30","origin":"extension","summary":"class widgetco; requires http; 1 read","operation_count":1,"digest":"sha256:5098b99b130f807178967a838606df68aa7f5f953aebca3138715162d678c3c8"},
      {"type":"provider","name":"p31","origin":"extension","summary":"class widgetco; requires http; 1 read","operation_count":1,"digest":"sha256:bf08d8e5b99ecabd8af392a8d112b890abaa00c42f426bcfb0c15bea91185db6"},
      {"type":"provider","name":"p32","origin":"extension","summary":"class widgetco; requires http; 1 read","operation_count":1,"digest":"sha256:9c7441d075dedce49bc6c3ea3c3cfc1ccf9e433991927f819ad300bc593a108c"},
      {"type":"provider","name":"p33","origin":"extension","summary":"class widgetco; requires http; 1 read","operation_count":1,"digest":"sha256:e6a4eeb2c715fe63705dff2082f116f49cf160dc600e036296fd373eed40c191"},
      {"type":"provider","name":"p34","origin":"extension","summary":"class widgetco; requires http; 1 read","operation_count":1,"digest":"sha256:765eeb7cd2d28f7cd1336cba750ad5a1dbf1bb3f8402ac8f2800905d9852d230"},
      {"type":"provider","name":"p35","origin":"extension","summary":"class widgetco; requires http; 1 read","operation_count":1,"digest":"sha256:7ba41652004774db7c18a50545baf28da43b9f79ccbd45e0c3a8b612c38b6380"},
      {"type":"provider","name":"p36","origin":"extension","summary":"class widgetco; requires http; 1 read","operation_count":1,"digest":"sha256:ccb2f41ec0e7bea709dc20ae9c05e15735f1fac6dfd5e01692e29618a1956e6e"},
      {"type":"provider","name":"p37","origin":"extension","summary":"class widgetco; requires http; 1 read","operation_count":1,"digest":"sha256:1a0ec402ef06097dafb94ad13e5886ba302dd37dbc9a9d38115fefc3a1d4dc6c"},
      {"type":"provider","name":"p38","origin":"extension","summary":"class widgetco; requires http; 1 read","operation_count":1,"digest":"sha256:807a7710943ee39bdbaad6201632e1a6eee8d5fa8ea302a6484fdfdf7ddba87a"},
      {"type":"provider","name":"p39","origin":"extension","summary":"class widgetco; requires http; 1 read","operation_count":1,"digest":"sha256:0bfb59650dcfd509fedb465fad817ef6ee754585d9329d7f4c6153679b9566d6"},
      {"type":"provider","name":"p40","origin":"extension","summary":"class widgetco; requires http; 1 read","operation_count":1,"digest":"sha256:42ad666014ee7f38d9c0496da86b87fa4bb8bf009a1cff4794e80a5a0f3db58b"},
      {"type":"provider","name":"p41","origin":"extension","summary":"class widgetco; requires http; 1 read","operation_count":1,"digest":"sha256:cca5e36ea56fd3393466c308a40eb21a4f71472c26d2e877c5a9a0cedc56980f"},
      {"type":"provider","name":"p42","origin":"extension","summary":"class widgetco; requires http; 1 read","operation_count":1,"digest":"sha256:4a96ca52c400ac6badca6ee4c58c326ca3597638cade6267c73c609d35d52604"},
      {"type":"provider","name":"p43","origin":"extension","summary":"class widgetco; requires http; 1 read","operation_count":1,"digest":"sha256:478e4b9e5a2095efa864d4a2a042e83376254fc955f19b5c8577aa61e198c398"},
      {"type":"provider","name":"p44","origin":"extension","summary":"class widgetco; requires http; 1 read","operation_count":1,"digest":"sha256:c9e021c32f2289a2334ea6ddebe80fd2089532e766065f2e5de6dbe5a1415453"},
      {"type":"provider","name":"p45","origin":"extension","summary":"class widgetco; requires http; 1 read","operation_count":1,"digest":"sha256:c1907cce5e886564917e8de345cf1f9495473dcf5fdc24e01d432015a3e01f35"},
      {"type":"provider","name":"p46","origin":"extension","summary":"class widgetco; requires http; 1 read","operation_count":1,"digest":"sha256:d0a0df7551d9ad047fe27e1814d61cdc978a35c9067e123cd6c0c823d4563ce5"},
      {"type":"provider","name":"p47","origin":"extension","summary":"class widgetco; requires http; 1 read","operation_count":1,"digest":"sha256:e4f64dc86ed598340b6c0fe733d03f08e01049ecb68f86aba38a8babe53fd66a"},
      {"type":"provider","name":"p48","origin":"extension","summary":"class widgetco; requires http; 1 read","operation_count":1,"digest":"sha256:4371b4109bce30c937bdf495061e3a10e8d2f5cfcd4fa90ebc7f5291d13f3c00"},
      {"type":"provider","name":"p49","origin":"extension","summary":"class widgetco; requires http; 1 read","operation_count":1,"digest":"sha256:bfcf56664fee939d92eb12a0cffcea4076e5d35fd91d621ad150099d9852b161"},
      {"type":"provider","name":"p50","origin":"extension","summary":"class widgetco; requires http; 1 read","operation_count":1,"digest":"sha256:c6db4c89eb10cb348fb48102eefb061076b171994462a142a67b640498adf728"}
    ],
    "truncated": true
  },
  "isError": false
}
