NAME            ORIGIN     SUMMARY                                                       OPERATIONS  DIGEST
cloudflare-dns  extension  class cloudflare; requires http; 1 read, 1 mutate, 1 destroy  3           sha256:bdcb1f6ca78d449dcebfead665b363e70ca68a80d14fea354ad94af340ead1c8
shell           built-in   class local; requires shell; 1 read, 3 mutate, 2 destroy      6           sha256:e49e840cd47031a55883798ad436d8269b95a1f49f01165f91047fc456907222
uptime          extension  class local; requires http; 1 read                            1           sha256:14430d0615ccff83ca5062c11134192621a89380e92ce554177727f54ad092b7
