the record is the hyper-store branch of this repository — never checked out, and it travels with a clone

RUN             STARTED                   TRIGGER        OUTCOME    CONTESTED  PROCEDURE            TARGETS          HYPER
0199206d-4e15…  2026-08-06T11:03:18.000Z  igor@thinkpad  completed             retire-preview-envs  local · staging  1.4.0
019912ab-5e60…  2026-08-03T08:00:00.000Z  igor@thinkpad  completed  yes        publish-preview      local · staging  1.3.2
