{
  "content": [
    {"type":"text","text":"1 Operation"}
  ],
  "structuredContent": {
    "rows": [
      {"type":"operation_detail","source":"  rotate_widget:\n    kind: mutate\n    deadline: 1d\n    input:\n      type: object\n      properties:\n        id: {type: string}\n    http: {method: POST, host: \"{from-target}\", path: \"/widgets/{id}/rotate\"}\n    record:\n      identity: \"{id}\"\n      fields: {id: $.body.id}\n","derived":{"capabilities":["http"],"bound":"none","patterns_resolved":[],"record_cardinality":"one","record_identity":"{id}","repeatability":"run-once","deadline_seconds":86400,"concurrency_limit":1}}
    ],
    "truncated": false
  },
  "isError": false
}
