{
  "content": [
    {"type":"text","text":"1 Target"}
  ],
  "structuredContent": {
    "rows": [
      {"type":"target","name":"hostco","hosts":["api.hostco.dev"],"accepts_kinds":["read","mutate"],"grants_capabilities":["http"],"credentials":[{"slot":"username","env":"HOSTCO_USERNAME","presence":"set"},{"slot":"password","env":"HOSTCO_PASSWORD","presence":"absent"}]}
    ],
    "truncated": false
  },
  "isError": false
}
