STEP  ID                       KIND    DISPOSITION  RECORDS
1     publish-preview.publish  mutate  ran          1
2     publish-preview.publish  mutate  refused      –

FILE                             LINE  FIELD     ERROR_CODE         MESSAGE
procedures/publish-preview.yaml  5     steps[0]  run-once-recorded  publish-preview.publish binds create_dns_record, which is run-once, and run 01991f30-b118-7c93-8d41-6b2f7ae05a19 records it as ran

refused · exit 77 · run 01991f30-b118-7c93-8d41-6b2f7ae05a19
