nothing ran. no step was reached.

refused: cadence-malformed

  procedures/nightly.yaml:4
    2 │ procedure: nightly
    3 │ targets: [local]
    4 │ cadence: "0 3 * * MON"
      │          ^ cadence: "0 3 * * MON" is not an expression the grammar admits — day of week "MON" is not one of the grammar's four item forms: *, a number, a range a-b, or a step over either
      │
      = checked at run start, before the first step
      = no flag overrides this (ADR-0001) — the way past is an artefact edit

EDIT ONE OF
FILE                     LINE  FIELD
procedures/nightly.yaml  4     cadence

refused · exit 77 · run 0199206d-4e15-7c30-9b8a-52d9ea01f7c2
