  DEFINITION  │  definitions/orphan.yaml                 no baseline — no Store
  ────────────┼────────────────────────────────────────────────────────────────
              │ kind: definition
              │ definition: orphan
              │ provider: not-there
  read        │ kinds: [read]
  nowhere     │ targets: [nowhere]

  AUTHORITY   assembled from definitions/ and targets/
  DEFINITION  TARGET   DEFINITION KINDS  TARGET KINDS  EFFECTIVE   DESTROY OPS
  orphan      nowhere  read              unresolved    unresolved  —

  FLAGS   index into the gutter above — no flag states anything the gutter does not
  no line the gutter marked draws a flag
